2026-08-05 18:43:02 [[32minfo[39m]: ✅ MongoDB connected
2026-08-05 18:43:02 [[33mwarn[39m]: ⚠️  Redis unavailable — running without it (single-instance mode)
2026-08-05 18:43:02 [[33mwarn[39m]: ⚠️  Socket.IO Redis adapter unavailable — using in-memory (single-instance only)
2026-08-05 18:43:02 [[32minfo[39m]: 🚀 Server running on http://localhost:4000
2026-08-05 18:49:11 [[32minfo[39m]: ✅ MongoDB connected
2026-08-05 18:49:11 [[33mwarn[39m]: ⚠️  Redis unavailable — running without it (single-instance mode)
2026-08-05 18:49:11 [[33mwarn[39m]: ⚠️  Socket.IO Redis adapter unavailable — using in-memory (single-instance only)
2026-08-05 18:49:11 [[32minfo[39m]: 🚀 Server running on http://localhost:4000
2026-08-05 18:53:11 [[32minfo[39m]: ✅ MongoDB connected
2026-08-05 18:53:11 [[33mwarn[39m]: ⚠️  Redis unavailable — running without it (single-instance mode)
2026-08-05 18:53:11 [[33mwarn[39m]: ⚠️  Socket.IO Redis adapter unavailable — using in-memory (single-instance only)
2026-08-05 18:53:11 [[32minfo[39m]: 🚀 Server running on http://localhost:4000
2026-08-05 18:58:55 [[34mdebug[39m]: Socket connected: CuKFGy9tib_zpMteAAAB (user 6a733a34268aa5f0135b62b3)
2026-08-05 18:58:55 [[34mdebug[39m]: Socket connected: cLmvvpgkCX13iwqhAAAD (user 6a733a34268aa5f0135b62b3)
2026-08-05 18:58:55 [[34mdebug[39m]: User 6a733a34268aa5f0135b62b3 joined room 6a733a96268aa5f0135b62bc
2026-08-05 18:59:12 [[34mdebug[39m]: Socket disconnected: CuKFGy9tib_zpMteAAAB (transport close)
2026-08-05 18:59:12 [[34mdebug[39m]: Socket disconnected: cLmvvpgkCX13iwqhAAAD (transport close)
2026-08-05 19:01:36 [[33mwarn[39m]: ⚠️  GOOGLE_CLIENT_ID / SECRET not set — Google OAuth disabled
2026-08-05 19:01:36 [[33mwarn[39m]: ⚠️  GITHUB_CLIENT_ID / SECRET not set — GitHub OAuth disabled
2026-08-05 19:01:36 [[32minfo[39m]: ✅ MongoDB connected
2026-08-05 19:01:36 [[33mwarn[39m]: ⚠️  Redis unavailable — running without it (single-instance mode)
2026-08-05 19:01:36 [[33mwarn[39m]: ⚠️  Socket.IO Redis adapter unavailable — using in-memory (single-instance only)
2026-08-05 19:01:36 [[32minfo[39m]: 🚀 Server running on http://localhost:4000
2026-08-05 19:01:48 [[33mwarn[39m]: ⚠️  GOOGLE_CLIENT_ID / SECRET not set — Google OAuth disabled
2026-08-05 19:01:48 [[33mwarn[39m]: ⚠️  GITHUB_CLIENT_ID / SECRET not set — GitHub OAuth disabled
2026-08-05 19:01:49 [[32minfo[39m]: ✅ MongoDB connected
2026-08-05 19:01:49 [[33mwarn[39m]: ⚠️  Redis unavailable — running without it (single-instance mode)
2026-08-05 19:01:49 [[33mwarn[39m]: ⚠️  Socket.IO Redis adapter unavailable — using in-memory (single-instance only)
2026-08-05 19:01:49 [[32minfo[39m]: 🚀 Server running on http://localhost:4000
2026-08-05 19:02:03 [[33mwarn[39m]: ⚠️  GOOGLE_CLIENT_ID / SECRET not set — Google OAuth disabled
2026-08-05 19:02:03 [[33mwarn[39m]: ⚠️  GITHUB_CLIENT_ID / SECRET not set — GitHub OAuth disabled
2026-08-05 19:02:04 [[32minfo[39m]: ✅ MongoDB connected
2026-08-05 19:02:04 [[33mwarn[39m]: ⚠️  Redis unavailable — running without it (single-instance mode)
2026-08-05 19:02:05 [[33mwarn[39m]: ⚠️  Socket.IO Redis adapter unavailable — using in-memory (single-instance only)
2026-08-05 19:02:05 [[32minfo[39m]: 🚀 Server running on http://localhost:4000
2026-08-05 19:04:45 [[33mwarn[39m]: ⚠️  GOOGLE_CLIENT_ID / SECRET not set — Google OAuth disabled
2026-08-05 19:04:45 [[33mwarn[39m]: ⚠️  GITHUB_CLIENT_ID / SECRET not set — GitHub OAuth disabled
2026-08-05 19:04:46 [[32minfo[39m]: ✅ MongoDB connected
2026-08-05 19:04:46 [[33mwarn[39m]: ⚠️  Redis unavailable — running without it (single-instance mode)
2026-08-05 19:04:46 [[33mwarn[39m]: ⚠️  Socket.IO Redis adapter unavailable — using in-memory (single-instance only)
2026-08-05 19:04:46 [[32minfo[39m]: 🚀 Server running on http://localhost:4000
2026-08-05 21:27:58 [[33mwarn[39m]: ⚠️  GOOGLE_CLIENT_ID / SECRET not set — Google OAuth disabled
2026-08-05 21:27:58 [[33mwarn[39m]: ⚠️  GITHUB_CLIENT_ID / SECRET not set — GitHub OAuth disabled
2026-08-05 21:28:03 [[32minfo[39m]: ✅ MongoDB connected
2026-08-05 21:28:03 [[33mwarn[39m]: ⚠️  Redis unavailable — running without it (single-instance mode)
2026-08-05 21:28:03 [[33mwarn[39m]: ⚠️  Socket.IO Redis adapter unavailable — using in-memory (single-instance only)
2026-08-05 21:28:03 [[32minfo[39m]: 🚀 Server running on http://localhost:4000
2026-08-05 21:28:23 [[31merror[39m]: Error: Unknown authentication strategy "google"
    at attempt (C:\Users\nikit\OneDrive\Documents\Realtime-whitboard-project\server\node_modules\passport\lib\middleware\authenticate.js:193:39)
    at authenticate (C:\Users\nikit\OneDrive\Documents\Realtime-whitboard-project\server\node_modules\passport\lib\middleware\authenticate.js:379:7)
    at Layer.handle [as handle_request] (C:\Users\nikit\OneDrive\Documents\Realtime-whitboard-project\server\node_modules\express\lib\router\layer.js:95:5)
    at next (C:\Users\nikit\OneDrive\Documents\Realtime-whitboard-project\server\node_modules\express\lib\router\route.js:149:13)
    at Route.dispatch (C:\Users\nikit\OneDrive\Documents\Realtime-whitboard-project\server\node_modules\express\lib\router\route.js:119:3)
    at Layer.handle [as handle_request] (C:\Users\nikit\OneDrive\Documents\Realtime-whitboard-project\server\node_modules\express\lib\router\layer.js:95:5)
    at C:\Users\nikit\OneDrive\Documents\Realtime-whitboard-project\server\node_modules\express\lib\router\index.js:284:15
    at router.process_params (C:\Users\nikit\OneDrive\Documents\Realtime-whitboard-project\server\node_modules\express\lib\router\index.js:346:12)
    at next (C:\Users\nikit\OneDrive\Documents\Realtime-whitboard-project\server\node_modules\express\lib\router\index.js:280:10)
    at router.handle (C:\Users\nikit\OneDrive\Documents\Realtime-whitboard-project\server\node_modules\express\lib\router\index.js:175:3)
2026-08-05 21:28:36 [[31merror[39m]: Error: Unknown authentication strategy "google"
    at attempt (C:\Users\nikit\OneDrive\Documents\Realtime-whitboard-project\server\node_modules\passport\lib\middleware\authenticate.js:193:39)
    at authenticate (C:\Users\nikit\OneDrive\Documents\Realtime-whitboard-project\server\node_modules\passport\lib\middleware\authenticate.js:379:7)
    at Layer.handle [as handle_request] (C:\Users\nikit\OneDrive\Documents\Realtime-whitboard-project\server\node_modules\express\lib\router\layer.js:95:5)
    at next (C:\Users\nikit\OneDrive\Documents\Realtime-whitboard-project\server\node_modules\express\lib\router\route.js:149:13)
    at Route.dispatch (C:\Users\nikit\OneDrive\Documents\Realtime-whitboard-project\server\node_modules\express\lib\router\route.js:119:3)
    at Layer.handle [as handle_request] (C:\Users\nikit\OneDrive\Documents\Realtime-whitboard-project\server\node_modules\express\lib\router\layer.js:95:5)
    at C:\Users\nikit\OneDrive\Documents\Realtime-whitboard-project\server\node_modules\express\lib\router\index.js:284:15
    at router.process_params (C:\Users\nikit\OneDrive\Documents\Realtime-whitboard-project\server\node_modules\express\lib\router\index.js:346:12)
    at next (C:\Users\nikit\OneDrive\Documents\Realtime-whitboard-project\server\node_modules\express\lib\router\index.js:280:10)
    at router.handle (C:\Users\nikit\OneDrive\Documents\Realtime-whitboard-project\server\node_modules\express\lib\router\index.js:175:3)
2026-08-05 23:33:26 [[32minfo[39m]: ✅ Google OAuth strategy registered
2026-08-05 23:33:26 [[33mwarn[39m]: ⚠️  GITHUB_CLIENT_ID / SECRET not set — GitHub OAuth disabled
2026-08-05 23:33:29 [[32minfo[39m]: ✅ MongoDB connected
2026-08-05 23:33:29 [[33mwarn[39m]: ⚠️  Redis unavailable — running without it (single-instance mode)
2026-08-05 23:33:29 [[33mwarn[39m]: ⚠️  Socket.IO Redis adapter unavailable — using in-memory (single-instance only)
2026-08-05 23:33:29 [[32minfo[39m]: 🚀 Server running on http://localhost:4000
2026-08-05 23:34:19 [[34mdebug[39m]: Socket connected: bdvJYSrmwZcJrDBEAAAC (user 6a733a34268aa5f0135b62b3)
2026-08-05 23:34:19 [[34mdebug[39m]: Socket connected: NX_terW7VLSfZzzKAAAD (user 6a733a34268aa5f0135b62b3)
2026-08-05 23:34:19 [[34mdebug[39m]: User 6a733a34268aa5f0135b62b3 joined room 6a733a96268aa5f0135b62bc
2026-08-05 23:34:27 [[31merror[39m]: Error: Unknown authentication strategy "github"
    at attempt (C:\Users\nikit\OneDrive\Documents\Realtime-whitboard-project\server\node_modules\passport\lib\middleware\authenticate.js:193:39)
    at authenticate (C:\Users\nikit\OneDrive\Documents\Realtime-whitboard-project\server\node_modules\passport\lib\middleware\authenticate.js:379:7)
    at Layer.handle [as handle_request] (C:\Users\nikit\OneDrive\Documents\Realtime-whitboard-project\server\node_modules\express\lib\router\layer.js:95:5)
    at next (C:\Users\nikit\OneDrive\Documents\Realtime-whitboard-project\server\node_modules\express\lib\router\route.js:149:13)
    at Route.dispatch (C:\Users\nikit\OneDrive\Documents\Realtime-whitboard-project\server\node_modules\express\lib\router\route.js:119:3)
    at Layer.handle [as handle_request] (C:\Users\nikit\OneDrive\Documents\Realtime-whitboard-project\server\node_modules\express\lib\router\layer.js:95:5)
    at C:\Users\nikit\OneDrive\Documents\Realtime-whitboard-project\server\node_modules\express\lib\router\index.js:284:15
    at router.process_params (C:\Users\nikit\OneDrive\Documents\Realtime-whitboard-project\server\node_modules\express\lib\router\index.js:346:12)
    at next (C:\Users\nikit\OneDrive\Documents\Realtime-whitboard-project\server\node_modules\express\lib\router\index.js:280:10)
    at router.handle (C:\Users\nikit\OneDrive\Documents\Realtime-whitboard-project\server\node_modules\express\lib\router\index.js:175:3)
2026-08-05 23:34:29 [[34mdebug[39m]: Socket disconnected: bdvJYSrmwZcJrDBEAAAC (transport close)
2026-08-05 23:34:29 [[34mdebug[39m]: Socket disconnected: NX_terW7VLSfZzzKAAAD (transport close)
2026-08-06 23:27:12 [[32minfo[39m]: ✅ Google OAuth strategy registered
2026-08-06 23:27:12 [[32minfo[39m]: ✅ GitHub OAuth strategy registered
2026-08-06 23:27:19 [[32minfo[39m]: ✅ MongoDB connected
2026-08-06 23:27:19 [[33mwarn[39m]: ⚠️  Redis unavailable — running without it (single-instance mode)
2026-08-06 23:27:19 [[33mwarn[39m]: ⚠️  Socket.IO Redis adapter unavailable — using in-memory (single-instance only)
2026-08-06 23:27:19 [[32minfo[39m]: 🚀 Server running on http://localhost:4000
2026-08-06 23:27:37 [[34mdebug[39m]: Socket connected: U7JTdAHFnoLjuVyAAAAC (user 6a733a34268aa5f0135b62b3)
2026-08-06 23:27:37 [[34mdebug[39m]: Socket connected: OvsoyTYvDdwKHESNAAAD (user 6a733a34268aa5f0135b62b3)
2026-08-06 23:27:37 [[34mdebug[39m]: User 6a733a34268aa5f0135b62b3 joined room 6a733a96268aa5f0135b62bc
2026-08-06 23:28:11 [[34mdebug[39m]: Socket disconnected: U7JTdAHFnoLjuVyAAAAC (transport close)
2026-08-06 23:28:11 [[34mdebug[39m]: Socket disconnected: OvsoyTYvDdwKHESNAAAD (transport close)
2026-08-06 23:28:12 [[34mdebug[39m]: Socket connected: -cifMJe5spa5B5v3AAAF (user 6a733a34268aa5f0135b62b3)
2026-08-06 23:28:12 [[34mdebug[39m]: Socket connected: fa2MpASl0oBWsERLAAAH (user 6a733a34268aa5f0135b62b3)
2026-08-06 23:28:12 [[34mdebug[39m]: User 6a733a34268aa5f0135b62b3 joined room 6a733a96268aa5f0135b62bc
2026-08-06 23:28:13 [[34mdebug[39m]: Socket disconnected: -cifMJe5spa5B5v3AAAF (transport close)
2026-08-06 23:28:13 [[34mdebug[39m]: Socket disconnected: fa2MpASl0oBWsERLAAAH (transport close)
2026-08-06 23:28:13 [[34mdebug[39m]: Socket connected: 6AyHl2GHAYnTFS0XAAAJ (user 6a733a34268aa5f0135b62b3)
2026-08-06 23:28:13 [[34mdebug[39m]: Socket connected: 9fVYOwevI9-ze5SPAAAL (user 6a733a34268aa5f0135b62b3)
2026-08-06 23:28:13 [[34mdebug[39m]: User 6a733a34268aa5f0135b62b3 joined room 6a733a96268aa5f0135b62bc
2026-08-06 23:28:13 [[34mdebug[39m]: Socket disconnected: 6AyHl2GHAYnTFS0XAAAJ (transport close)
2026-08-06 23:28:13 [[34mdebug[39m]: Socket disconnected: 9fVYOwevI9-ze5SPAAAL (transport close)
2026-08-06 23:28:13 [[34mdebug[39m]: Socket connected: Xf_RcDaksavhgTHPAAAN (user 6a733a34268aa5f0135b62b3)
2026-08-06 23:28:13 [[34mdebug[39m]: Socket connected: js6T8VXMMMJP_6RcAAAP (user 6a733a34268aa5f0135b62b3)
2026-08-06 23:28:13 [[34mdebug[39m]: User 6a733a34268aa5f0135b62b3 joined room 6a733a96268aa5f0135b62bc
2026-08-06 23:28:14 [[34mdebug[39m]: Socket disconnected: Xf_RcDaksavhgTHPAAAN (transport close)
2026-08-06 23:28:14 [[34mdebug[39m]: Socket disconnected: js6T8VXMMMJP_6RcAAAP (transport close)
2026-08-06 23:28:14 [[34mdebug[39m]: Socket connected: wywDmc-StIrVIoFAAAAR (user 6a733a34268aa5f0135b62b3)
2026-08-06 23:28:14 [[34mdebug[39m]: Socket connected: Tphj2BXL4msUY67HAAAT (user 6a733a34268aa5f0135b62b3)
2026-08-06 23:28:14 [[34mdebug[39m]: User 6a733a34268aa5f0135b62b3 joined room 6a733a96268aa5f0135b62bc
2026-08-06 23:31:06 [[34mdebug[39m]: User 6a733a34268aa5f0135b62b3 joined room 6a733a96268aa5f0135b62bc
2026-08-06 23:31:42 [[34mdebug[39m]: User 6a733a34268aa5f0135b62b3 joined room 6a733a96268aa5f0135b62bc
2026-08-06 23:34:27 [[34mdebug[39m]: User 6a733a34268aa5f0135b62b3 joined room 6a733a96268aa5f0135b62bc
2026-08-06 23:35:03 [[34mdebug[39m]: User 6a733a34268aa5f0135b62b3 joined room 6a733a96268aa5f0135b62bc
2026-08-06 23:36:11 [[34mdebug[39m]: User 6a733a34268aa5f0135b62b3 joined room 6a733a96268aa5f0135b62bc
2026-08-06 23:36:12 [[34mdebug[39m]: User 6a733a34268aa5f0135b62b3 joined room 6a733a96268aa5f0135b62bc
2026-08-06 23:37:59 [[34mdebug[39m]: User 6a733a34268aa5f0135b62b3 joined room 6a733a96268aa5f0135b62bc
2026-08-06 23:38:00 [[34mdebug[39m]: User 6a733a34268aa5f0135b62b3 joined room 6a733a96268aa5f0135b62bc
2026-08-06 23:40:48 [[34mdebug[39m]: User 6a733a34268aa5f0135b62b3 joined room 6a733a96268aa5f0135b62bc
2026-08-06 23:40:49 [[34mdebug[39m]: User 6a733a34268aa5f0135b62b3 joined room 6a733a96268aa5f0135b62bc
2026-08-06 23:40:49 [[34mdebug[39m]: User 6a733a34268aa5f0135b62b3 joined room 6a733a96268aa5f0135b62bc
2026-08-06 23:41:03 [[34mdebug[39m]: User 6a733a34268aa5f0135b62b3 joined room 6a733a96268aa5f0135b62bc
2026-08-06 23:41:04 [[34mdebug[39m]: User 6a733a34268aa5f0135b62b3 joined room 6a733a96268aa5f0135b62bc
2026-08-06 23:41:27 [[34mdebug[39m]: User 6a733a34268aa5f0135b62b3 joined room 6a733a96268aa5f0135b62bc
2026-08-06 23:43:57 [[34mdebug[39m]: Socket disconnected: wywDmc-StIrVIoFAAAAR (transport close)
2026-08-06 23:43:57 [[34mdebug[39m]: Socket disconnected: Tphj2BXL4msUY67HAAAT (transport error)
2026-08-06 23:45:52 [[34mdebug[39m]: Socket connected: NTzy2A50FcxFBftUAAAa (user 6a733a34268aa5f0135b62b3)
2026-08-06 23:45:52 [[34mdebug[39m]: Socket connected: M3B6gZPgt0gNjOLmAAAb (user 6a733a34268aa5f0135b62b3)
2026-08-06 23:45:52 [[34mdebug[39m]: User 6a733a34268aa5f0135b62b3 joined room 6a74cf574382012b9a65c62b
2026-08-06 23:51:31 [[32minfo[39m]: ✅ Google OAuth strategy registered
2026-08-06 23:51:31 [[32minfo[39m]: ✅ GitHub OAuth strategy registered
2026-08-06 23:51:33 [[32minfo[39m]: ✅ MongoDB connected
2026-08-06 23:51:33 [[33mwarn[39m]: ⚠️  Redis unavailable — running without it (single-instance mode)
2026-08-06 23:51:33 [[33mwarn[39m]: ⚠️  Socket.IO Redis adapter unavailable — using in-memory (single-instance only)
2026-08-06 23:51:33 [[32minfo[39m]: 🚀 Server running on http://localhost:4000
2026-08-06 23:51:33 [[34mdebug[39m]: Socket connected: ZdQ403ilSYsuVRY_AAAB (user 6a733a34268aa5f0135b62b3)
2026-08-06 23:51:36 [[34mdebug[39m]: Socket connected: YK_kjFjc5W1eKqhDAAAD (user 6a733a34268aa5f0135b62b3)
2026-08-06 23:52:39 [[34mdebug[39m]: User 6a733a34268aa5f0135b62b3 joined room 6a74cf574382012b9a65c62b
2026-08-06 23:52:40 [[34mdebug[39m]: User 6a733a34268aa5f0135b62b3 joined room 6a74cf574382012b9a65c62b
2026-08-06 23:52:40 [[34mdebug[39m]: User 6a733a34268aa5f0135b62b3 joined room 6a74cf574382012b9a65c62b
2026-08-06 23:59:11 [[32minfo[39m]: ✅ Google OAuth strategy registered
2026-08-06 23:59:11 [[32minfo[39m]: ✅ GitHub OAuth strategy registered
2026-08-06 23:59:11 [[32minfo[39m]: ✅ MongoDB connected
2026-08-06 23:59:11 [[33mwarn[39m]: ⚠️  Redis unavailable — running without it (single-instance mode)
2026-08-06 23:59:11 [[33mwarn[39m]: ⚠️  Socket.IO Redis adapter unavailable — using in-memory (single-instance only)
2026-08-06 23:59:11 [[32minfo[39m]: 🚀 Server running on http://localhost:4000
2026-08-06 23:59:14 [[34mdebug[39m]: Socket connected: l6_IsNSIK570Op-UAAAB (user 6a733a34268aa5f0135b62b3)
2026-08-06 23:59:14 [[34mdebug[39m]: Socket connected: rKAiAi0Rffba2WLWAAAD (user 6a733a34268aa5f0135b62b3)
2026-08-06 23:59:19 [[32minfo[39m]: ✅ Google OAuth strategy registered
2026-08-06 23:59:19 [[32minfo[39m]: ✅ GitHub OAuth strategy registered
2026-08-06 23:59:20 [[32minfo[39m]: ✅ MongoDB connected
2026-08-06 23:59:20 [[33mwarn[39m]: ⚠️  Redis unavailable — running without it (single-instance mode)
2026-08-06 23:59:20 [[33mwarn[39m]: ⚠️  Socket.IO Redis adapter unavailable — using in-memory (single-instance only)
2026-08-06 23:59:20 [[32minfo[39m]: 🚀 Server running on http://localhost:4000
2026-08-06 23:59:20 [[34mdebug[39m]: Socket connected: 2dLPsjKF9SDK4taOAAAB (user 6a733a34268aa5f0135b62b3)
2026-08-06 23:59:21 [[34mdebug[39m]: Socket connected: LZm6Mckhc-oMfCfWAAAD (user 6a733a34268aa5f0135b62b3)
2026-08-06 23:59:50 [[32minfo[39m]: ✅ Google OAuth strategy registered
2026-08-06 23:59:50 [[32minfo[39m]: ✅ GitHub OAuth strategy registered
2026-08-06 23:59:51 [[32minfo[39m]: ✅ MongoDB connected
2026-08-06 23:59:51 [[33mwarn[39m]: ⚠️  Redis unavailable — running without it (single-instance mode)
2026-08-06 23:59:51 [[33mwarn[39m]: ⚠️  Socket.IO Redis adapter unavailable — using in-memory (single-instance only)
2026-08-06 23:59:51 [[32minfo[39m]: 🚀 Server running on http://localhost:4000
2026-08-06 23:59:52 [[34mdebug[39m]: Socket connected: QSKe2Wd_Qp2r2pmpAAAB (user 6a733a34268aa5f0135b62b3)
2026-08-06 23:59:54 [[34mdebug[39m]: Socket connected: DdgzhjqLzBEdrrVmAAAD (user 6a733a34268aa5f0135b62b3)
2026-08-07 00:00:06 [[32minfo[39m]: ✅ Google OAuth strategy registered
2026-08-07 00:00:06 [[32minfo[39m]: ✅ GitHub OAuth strategy registered
2026-08-07 00:00:07 [[32minfo[39m]: ✅ MongoDB connected
2026-08-07 00:00:07 [[33mwarn[39m]: ⚠️  Redis unavailable — running without it (single-instance mode)
2026-08-07 00:00:07 [[33mwarn[39m]: ⚠️  Socket.IO Redis adapter unavailable — using in-memory (single-instance only)
2026-08-07 00:00:07 [[32minfo[39m]: 🚀 Server running on http://localhost:4000
2026-08-07 00:00:07 [[34mdebug[39m]: Socket connected: M5FgWmTBFoh2mYqRAAAB (user 6a733a34268aa5f0135b62b3)
2026-08-07 00:00:09 [[34mdebug[39m]: Socket connected: _CPiaNyRDEY4JEiJAAAD (user 6a733a34268aa5f0135b62b3)
2026-08-07 00:03:45 [[34mdebug[39m]: User 6a733a34268aa5f0135b62b3 joined room 6a74cf574382012b9a65c62b
2026-08-07 17:39:11 [[32minfo[39m]: ✅ Google OAuth strategy registered
2026-08-07 17:39:11 [[32minfo[39m]: ✅ GitHub OAuth strategy registered
2026-08-07 17:39:17 [[32minfo[39m]: ✅ MongoDB connected
2026-08-07 17:39:17 [[33mwarn[39m]: ⚠️  Redis unavailable — running without it (single-instance mode)
2026-08-07 17:39:17 [[33mwarn[39m]: ⚠️  Socket.IO Redis adapter unavailable — using in-memory (single-instance only)
2026-08-07 17:39:17 [[32minfo[39m]: 🚀 Server running on http://localhost:4000
2026-08-07 18:06:07 [[34mdebug[39m]: Socket connected: i5yaX6DSySKU4T_7AAAC (user 6a733a34268aa5f0135b62b3)
2026-08-07 18:06:07 [[34mdebug[39m]: Socket connected: ZC2Wy9eKlNPlYfN4AAAD (user 6a733a34268aa5f0135b62b3)
2026-08-07 19:46:13 [[32minfo[39m]: ✅ Google OAuth strategy registered
2026-08-07 19:46:13 [[32minfo[39m]: ✅ GitHub OAuth strategy registered
2026-08-07 19:46:15 [[32minfo[39m]: ✅ MongoDB connected
2026-08-07 19:46:15 [[33mwarn[39m]: ⚠️  Redis unavailable — running without it (single-instance mode)
2026-08-07 19:46:15 [[33mwarn[39m]: ⚠️  Socket.IO Redis adapter unavailable — using in-memory (single-instance only)
2026-08-07 19:46:15 [[32minfo[39m]: 🚀 Server running on http://localhost:4000
2026-08-07 19:46:43 [[34mdebug[39m]: Socket connected: bmrT7VnAnvQkVe07AAAB (user 6a733a34268aa5f0135b62b3)
2026-08-07 19:46:43 [[34mdebug[39m]: Socket connected: f_7CWe4HjAy6PNCZAAAD (user 6a733a34268aa5f0135b62b3)
2026-08-07 19:46:49 [[34mdebug[39m]: Socket disconnected: bmrT7VnAnvQkVe07AAAB (transport close)
2026-08-07 19:46:49 [[34mdebug[39m]: Socket disconnected: f_7CWe4HjAy6PNCZAAAD (transport close)
2026-08-07 19:46:49 [[34mdebug[39m]: Socket connected: JGYOLlpBc8L78Pw4AAAF (user 6a733a34268aa5f0135b62b3)
2026-08-07 19:46:49 [[34mdebug[39m]: Socket connected: zb4lK1RtbpQGJ36xAAAH (user 6a733a34268aa5f0135b62b3)
2026-08-07 19:46:50 [[34mdebug[39m]: Socket disconnected: JGYOLlpBc8L78Pw4AAAF (transport close)
2026-08-07 19:46:50 [[34mdebug[39m]: Socket disconnected: zb4lK1RtbpQGJ36xAAAH (transport close)
2026-08-07 19:46:50 [[34mdebug[39m]: Socket connected: iAmQyv5SHDR9NSSuAAAJ (user 6a733a34268aa5f0135b62b3)
2026-08-07 19:46:50 [[34mdebug[39m]: Socket connected: Q2yPRhETtU3yfb74AAAL (user 6a733a34268aa5f0135b62b3)
2026-08-07 19:46:50 [[34mdebug[39m]: Socket disconnected: iAmQyv5SHDR9NSSuAAAJ (transport close)
2026-08-07 19:46:50 [[34mdebug[39m]: Socket disconnected: Q2yPRhETtU3yfb74AAAL (transport close)
2026-08-07 19:46:50 [[34mdebug[39m]: Socket connected: 1jJ_xzW5RD4e5PUPAAAN (user 6a733a34268aa5f0135b62b3)
2026-08-07 19:46:50 [[34mdebug[39m]: Socket connected: tAQjyrmyKg_3FYrQAAAP (user 6a733a34268aa5f0135b62b3)
2026-08-07 19:46:50 [[34mdebug[39m]: Socket disconnected: 1jJ_xzW5RD4e5PUPAAAN (transport close)
2026-08-07 19:46:50 [[34mdebug[39m]: Socket disconnected: tAQjyrmyKg_3FYrQAAAP (transport error)
2026-08-07 19:46:50 [[34mdebug[39m]: Socket connected: IYv4kue9urxa0QljAAAR (user 6a733a34268aa5f0135b62b3)
2026-08-07 19:46:50 [[34mdebug[39m]: Socket connected: vkRnxTfs5uUNZ10zAAAT (user 6a733a34268aa5f0135b62b3)
2026-08-07 19:46:50 [[34mdebug[39m]: Socket disconnected: IYv4kue9urxa0QljAAAR (transport close)
2026-08-07 19:46:50 [[34mdebug[39m]: Socket disconnected: vkRnxTfs5uUNZ10zAAAT (transport close)
2026-08-07 19:46:50 [[34mdebug[39m]: Socket connected: S0odv2Q_GZHWyRsjAAAV (user 6a733a34268aa5f0135b62b3)
2026-08-07 19:46:50 [[34mdebug[39m]: Socket connected: UCoaY763OLjAT8cXAAAX (user 6a733a34268aa5f0135b62b3)
2026-08-07 19:46:50 [[34mdebug[39m]: Socket disconnected: S0odv2Q_GZHWyRsjAAAV (transport close)
2026-08-07 19:46:50 [[34mdebug[39m]: Socket disconnected: UCoaY763OLjAT8cXAAAX (transport error)
2026-08-07 19:46:50 [[34mdebug[39m]: Socket connected: z6czQEnqRDLsBCxoAAAZ (user 6a733a34268aa5f0135b62b3)
2026-08-07 19:46:50 [[34mdebug[39m]: Socket connected: EGh_w0PnZxRd3o0cAAAb (user 6a733a34268aa5f0135b62b3)
2026-08-07 19:46:51 [[34mdebug[39m]: Socket disconnected: z6czQEnqRDLsBCxoAAAZ (transport close)
2026-08-07 19:46:51 [[34mdebug[39m]: Socket disconnected: EGh_w0PnZxRd3o0cAAAb (transport close)
2026-08-07 19:46:51 [[34mdebug[39m]: Socket connected: WLeYEa4NF5s2vQ5aAAAd (user 6a733a34268aa5f0135b62b3)
2026-08-07 19:46:51 [[34mdebug[39m]: Socket connected: Mpl0TlctFQEZ48kFAAAf (user 6a733a34268aa5f0135b62b3)
2026-08-07 19:46:51 [[34mdebug[39m]: Socket disconnected: WLeYEa4NF5s2vQ5aAAAd (transport close)
2026-08-07 19:46:51 [[34mdebug[39m]: Socket disconnected: Mpl0TlctFQEZ48kFAAAf (transport close)
2026-08-07 19:46:51 [[34mdebug[39m]: Socket connected: GsXQbYn_r2pL1H0gAAAh (user 6a733a34268aa5f0135b62b3)
2026-08-07 19:46:51 [[34mdebug[39m]: Socket connected: XlvBCTQZIGHxhJncAAAj (user 6a733a34268aa5f0135b62b3)
2026-08-07 19:46:51 [[34mdebug[39m]: Socket disconnected: GsXQbYn_r2pL1H0gAAAh (transport close)
2026-08-07 19:46:51 [[34mdebug[39m]: Socket disconnected: XlvBCTQZIGHxhJncAAAj (transport close)
2026-08-07 19:46:51 [[34mdebug[39m]: Socket connected: v0kAby25Vd3ICAfKAAAl (user 6a733a34268aa5f0135b62b3)
2026-08-07 19:46:51 [[34mdebug[39m]: Socket connected: 6oWTtAjfHy0uJWQYAAAn (user 6a733a34268aa5f0135b62b3)
2026-08-07 19:46:51 [[34mdebug[39m]: Socket disconnected: v0kAby25Vd3ICAfKAAAl (transport close)
2026-08-07 19:46:51 [[34mdebug[39m]: Socket disconnected: 6oWTtAjfHy0uJWQYAAAn (transport error)
2026-08-07 19:46:51 [[34mdebug[39m]: Socket connected: DwCQ41lQcalfKzlhAAAp (user 6a733a34268aa5f0135b62b3)
2026-08-07 19:46:51 [[34mdebug[39m]: Socket connected: -Pj3ZIGEhhhACsB9AAAr (user 6a733a34268aa5f0135b62b3)
2026-08-07 19:46:51 [[34mdebug[39m]: Socket disconnected: DwCQ41lQcalfKzlhAAAp (transport close)
2026-08-07 19:46:51 [[34mdebug[39m]: Socket disconnected: -Pj3ZIGEhhhACsB9AAAr (transport close)
2026-08-07 19:46:51 [[34mdebug[39m]: Socket connected: R_8rcO1VrN_SAJUDAAAt (user 6a733a34268aa5f0135b62b3)
2026-08-07 19:46:51 [[34mdebug[39m]: Socket connected: u97W3G2-G7YhcuZTAAAv (user 6a733a34268aa5f0135b62b3)
2026-08-07 19:46:52 [[34mdebug[39m]: Socket disconnected: u97W3G2-G7YhcuZTAAAv (transport close)
2026-08-07 19:46:52 [[34mdebug[39m]: Socket disconnected: R_8rcO1VrN_SAJUDAAAt (transport error)
2026-08-07 19:46:52 [[34mdebug[39m]: Socket connected: RREifE5UkFswsSCXAAAx (user 6a733a34268aa5f0135b62b3)
2026-08-07 19:46:52 [[34mdebug[39m]: Socket connected: tyXH5ZEqkk4C_Gn-AAAz (user 6a733a34268aa5f0135b62b3)
2026-08-07 19:46:52 [[34mdebug[39m]: Socket disconnected: RREifE5UkFswsSCXAAAx (transport close)
2026-08-07 19:46:52 [[34mdebug[39m]: Socket disconnected: tyXH5ZEqkk4C_Gn-AAAz (transport error)
2026-08-07 19:46:52 [[34mdebug[39m]: Socket connected: U3k-PoBd81gPdYlMAAA1 (user 6a733a34268aa5f0135b62b3)
2026-08-07 19:46:52 [[34mdebug[39m]: Socket connected: wapkG7XvVN6P8B7wAAA3 (user 6a733a34268aa5f0135b62b3)
2026-08-07 19:46:52 [[34mdebug[39m]: Socket disconnected: wapkG7XvVN6P8B7wAAA3 (transport close)
2026-08-07 19:46:52 [[34mdebug[39m]: Socket disconnected: U3k-PoBd81gPdYlMAAA1 (transport error)
2026-08-07 19:46:52 [[34mdebug[39m]: Socket connected: 8hakwezf-1l1CfCVAAA5 (user 6a733a34268aa5f0135b62b3)
2026-08-07 19:46:52 [[34mdebug[39m]: Socket connected: 9IKPsr0K7hyJxRB5AAA7 (user 6a733a34268aa5f0135b62b3)
2026-08-07 19:46:52 [[34mdebug[39m]: Socket disconnected: 8hakwezf-1l1CfCVAAA5 (transport close)
2026-08-07 19:46:52 [[34mdebug[39m]: Socket disconnected: 9IKPsr0K7hyJxRB5AAA7 (transport close)
2026-08-07 19:46:52 [[34mdebug[39m]: Socket connected: NMElh6WvYj2iEon0AAA9 (user 6a733a34268aa5f0135b62b3)
2026-08-07 19:46:52 [[34mdebug[39m]: Socket connected: 75D46jGLrOGFDeLSAAA_ (user 6a733a34268aa5f0135b62b3)
2026-08-07 19:46:53 [[34mdebug[39m]: Socket disconnected: 75D46jGLrOGFDeLSAAA_ (transport close)
2026-08-07 19:46:53 [[34mdebug[39m]: Socket disconnected: NMElh6WvYj2iEon0AAA9 (transport error)
2026-08-07 19:46:53 [[34mdebug[39m]: Socket connected: M5Q6ItD789kK1Vr2AABB (user 6a733a34268aa5f0135b62b3)
2026-08-07 19:46:53 [[34mdebug[39m]: Socket connected: v7Zp6r3S05LvhsqZAABD (user 6a733a34268aa5f0135b62b3)
2026-08-07 19:46:55 [[34mdebug[39m]: Socket disconnected: M5Q6ItD789kK1Vr2AABB (transport close)
2026-08-07 19:46:55 [[34mdebug[39m]: Socket disconnected: v7Zp6r3S05LvhsqZAABD (transport close)
2026-08-07 19:46:55 [[34mdebug[39m]: Socket connected: LXbyf0pkA5vb5qP6AABF (user 6a733a34268aa5f0135b62b3)
2026-08-07 19:46:55 [[34mdebug[39m]: Socket connected: 0DjkxmB22lp22jmhAABH (user 6a733a34268aa5f0135b62b3)
2026-08-07 19:47:14 [[34mdebug[39m]: Socket disconnected: LXbyf0pkA5vb5qP6AABF (transport close)
2026-08-07 19:47:14 [[34mdebug[39m]: Socket disconnected: 0DjkxmB22lp22jmhAABH (transport close)
2026-08-07 19:47:20 [[34mdebug[39m]: Socket connected: GpXG-QMPdn_QcytWAABJ (user 6a733a34268aa5f0135b62b3)
2026-08-07 19:47:20 [[34mdebug[39m]: Socket connected: VpSSWoXp7CGsGAYZAABL (user 6a733a34268aa5f0135b62b3)
2026-08-07 19:47:24 [[34mdebug[39m]: Socket disconnected: GpXG-QMPdn_QcytWAABJ (transport close)
2026-08-07 19:47:24 [[34mdebug[39m]: Socket disconnected: VpSSWoXp7CGsGAYZAABL (transport error)
2026-08-07 19:47:25 [[34mdebug[39m]: Socket connected: Kz86M62gw65ZiGw3AABN (user 6a733a34268aa5f0135b62b3)
2026-08-07 19:47:25 [[34mdebug[39m]: Socket connected: grQCal4tBpXPpEurAABP (user 6a733a34268aa5f0135b62b3)
2026-08-07 20:00:32 [[34mdebug[39m]: Socket connected: 2Tq_GzgGoIT894Z4AABS (user 6a733a34268aa5f0135b62b3)
2026-08-07 20:00:32 [[34mdebug[39m]: Socket connected: AnGgRgJ-kPXaFUrIAABT (user 6a733a34268aa5f0135b62b3)
2026-08-07 20:01:05 [[34mdebug[39m]: Socket disconnected: grQCal4tBpXPpEurAABP (ping timeout)
2026-08-07 20:01:05 [[34mdebug[39m]: Socket disconnected: Kz86M62gw65ZiGw3AABN (ping timeout)
2026-08-07 20:01:14 [[34mdebug[39m]: Socket disconnected: 2Tq_GzgGoIT894Z4AABS (transport close)
2026-08-07 20:01:14 [[34mdebug[39m]: Socket disconnected: AnGgRgJ-kPXaFUrIAABT (transport close)
2026-08-07 20:01:15 [[34mdebug[39m]: Socket connected: FudWFMYjH90GcS1TAABW (user 6a733a34268aa5f0135b62b3)
2026-08-07 20:01:15 [[34mdebug[39m]: Socket connected: I-y--0OW_1_U8dmWAABX (user 6a733a34268aa5f0135b62b3)
2026-08-07 20:01:15 [[34mdebug[39m]: Socket disconnected: FudWFMYjH90GcS1TAABW (transport close)
2026-08-07 20:01:15 [[34mdebug[39m]: Socket disconnected: I-y--0OW_1_U8dmWAABX (transport close)
2026-08-07 20:01:15 [[34mdebug[39m]: Socket connected: CkXYck79je_9MTiBAABa (user 6a733a34268aa5f0135b62b3)
2026-08-07 20:01:15 [[34mdebug[39m]: Socket connected: JLCUcxQ2HB2SMF0kAABb (user 6a733a34268aa5f0135b62b3)
2026-08-07 20:02:10 [[34mdebug[39m]: Socket connected: S1bFzvpchdx4U9qxAABe (user 6a733a34268aa5f0135b62b3)
2026-08-07 20:02:10 [[34mdebug[39m]: Socket connected: rdNU78Hq_LNXeSsMAABf (user 6a733a34268aa5f0135b62b3)
2026-08-07 20:02:13 [[34mdebug[39m]: Socket disconnected: S1bFzvpchdx4U9qxAABe (transport close)
2026-08-07 20:02:13 [[34mdebug[39m]: Socket disconnected: rdNU78Hq_LNXeSsMAABf (transport close)
2026-08-07 20:02:14 [[34mdebug[39m]: Socket connected: b220YHSnu00gotrmAABi (user 6a733a34268aa5f0135b62b3)
2026-08-07 20:02:14 [[34mdebug[39m]: Socket connected: 832RipGbafq-k3IVAABj (user 6a733a34268aa5f0135b62b3)
2026-08-07 20:02:14 [[34mdebug[39m]: Socket disconnected: b220YHSnu00gotrmAABi (transport close)
2026-08-07 20:02:14 [[34mdebug[39m]: Socket disconnected: 832RipGbafq-k3IVAABj (transport close)
2026-08-07 20:02:14 [[34mdebug[39m]: Socket connected: vkR79thYhLl0iO4JAABl (user 6a733a34268aa5f0135b62b3)
2026-08-07 20:02:14 [[34mdebug[39m]: Socket connected: PGdgyIlIqe7oiVTdAABn (user 6a733a34268aa5f0135b62b3)
2026-08-07 20:02:14 [[34mdebug[39m]: Socket disconnected: vkR79thYhLl0iO4JAABl (transport close)
2026-08-07 20:02:14 [[34mdebug[39m]: Socket disconnected: PGdgyIlIqe7oiVTdAABn (transport close)
2026-08-07 20:02:14 [[34mdebug[39m]: Socket connected: me29qL-ONKMb2ZqvAABp (user 6a733a34268aa5f0135b62b3)
2026-08-07 20:02:14 [[34mdebug[39m]: Socket connected: xJWCL8TKvUu3pQlMAABr (user 6a733a34268aa5f0135b62b3)
2026-08-07 20:02:14 [[34mdebug[39m]: Socket disconnected: me29qL-ONKMb2ZqvAABp (transport close)
2026-08-07 20:02:14 [[34mdebug[39m]: Socket disconnected: xJWCL8TKvUu3pQlMAABr (transport close)
2026-08-07 20:02:14 [[34mdebug[39m]: Socket connected: NpdxH_MUZq-_Pe4cAABt (user 6a733a34268aa5f0135b62b3)
2026-08-07 20:02:14 [[34mdebug[39m]: Socket connected: Y9mmeClqhzqH4eiPAABv (user 6a733a34268aa5f0135b62b3)
2026-08-07 20:02:14 [[34mdebug[39m]: Socket disconnected: NpdxH_MUZq-_Pe4cAABt (transport close)
2026-08-07 20:02:14 [[34mdebug[39m]: Socket disconnected: Y9mmeClqhzqH4eiPAABv (transport close)
2026-08-07 20:02:14 [[34mdebug[39m]: Socket connected: hnzVNPr6OE_htGBGAABx (user 6a733a34268aa5f0135b62b3)
2026-08-07 20:02:14 [[34mdebug[39m]: Socket connected: Nnn_qPja44t_M_ZLAABz (user 6a733a34268aa5f0135b62b3)
2026-08-07 20:02:36 [[32minfo[39m]: ✅ Google OAuth strategy registered
2026-08-07 20:02:36 [[32minfo[39m]: ✅ GitHub OAuth strategy registered
2026-08-07 20:02:37 [[32minfo[39m]: ✅ MongoDB connected
2026-08-07 20:02:37 [[33mwarn[39m]: ⚠️  Redis unavailable — running without it (single-instance mode)
2026-08-07 20:02:37 [[33mwarn[39m]: ⚠️  Socket.IO Redis adapter unavailable — using in-memory (single-instance only)
2026-08-07 20:02:37 [[32minfo[39m]: 🚀 Server running on http://localhost:4000
2026-08-07 20:02:37 [[34mdebug[39m]: Socket connected: STcWJvbmUD1Wgq_vAAAB (user 6a733a34268aa5f0135b62b3)
2026-08-07 20:02:41 [[34mdebug[39m]: Socket connected: VFj4hvD8HKuf8RnaAAAF (user 6a733a34268aa5f0135b62b3)
2026-08-07 20:09:19 [[34mdebug[39m]: Socket disconnected: STcWJvbmUD1Wgq_vAAAB (transport close)
2026-08-07 20:09:19 [[34mdebug[39m]: Socket disconnected: VFj4hvD8HKuf8RnaAAAF (transport close)
2026-08-07 20:09:20 [[34mdebug[39m]: Socket connected: 1ZxM1zwzI63YXbvoAAAK (user 6a733a34268aa5f0135b62b3)
2026-08-07 20:09:20 [[34mdebug[39m]: Socket connected: IvQTAwF82nYw4btzAAAL (user 6a733a34268aa5f0135b62b3)
2026-08-07 20:11:52 [[34mdebug[39m]: Socket connected: 0re7_HlD1v36EtbxAAAT (user 6a733a34268aa5f0135b62b3)
2026-08-07 20:11:52 [[34mdebug[39m]: Socket connected: _bwGYn71U9umjqnwAAAU (user 6a733a34268aa5f0135b62b3)
2026-08-07 20:11:52 [[34mdebug[39m]: Socket connected: 7cAFWjiS7PY_0Pb-AAAW (user 6a733a34268aa5f0135b62b3)
2026-08-07 20:11:52 [[34mdebug[39m]: Socket connected: TeJu08p1QfQgH2uAAAAX (user 6a733a34268aa5f0135b62b3)
2026-08-07 20:11:52 [[34mdebug[39m]: User 6a733a34268aa5f0135b62b3 joined room 6a75e8f0072d3d4cbb042b5a
2026-08-07 20:11:52 [[34mdebug[39m]: User 6a733a34268aa5f0135b62b3 joined room 6a75e8f0072d3d4cbb042b5a
2026-08-07 20:11:52 [[34mdebug[39m]: User 6a733a34268aa5f0135b62b3 joined room 6a75e8f0072d3d4cbb042b5a
2026-08-07 20:11:52 [[34mdebug[39m]: User 6a733a34268aa5f0135b62b3 joined room 6a75e8f0072d3d4cbb042b5a
2026-08-07 20:12:32 [[32minfo[39m]: ✅ Google OAuth strategy registered
2026-08-07 20:12:32 [[32minfo[39m]: ✅ GitHub OAuth strategy registered
2026-08-07 20:12:33 [[32minfo[39m]: ✅ MongoDB connected
2026-08-07 20:12:33 [[33mwarn[39m]: ⚠️  Redis unavailable — running without it (single-instance mode)
2026-08-07 20:12:33 [[33mwarn[39m]: ⚠️  Socket.IO Redis adapter unavailable — using in-memory (single-instance only)
2026-08-07 20:12:33 [[32minfo[39m]: 🚀 Server running on http://localhost:4000
2026-08-07 20:12:33 [[34mdebug[39m]: Socket connected: 1Qn6y7pJJZB23CLuAAAB (user 6a733a34268aa5f0135b62b3)
2026-08-07 20:12:33 [[34mdebug[39m]: Socket connected: z8a4P78AZk8K9gV1AAAD (user 6a733a34268aa5f0135b62b3)
2026-08-07 20:12:33 [[34mdebug[39m]: Socket connected: h37_eHPIA-tZad53AAAF (user 6a733a34268aa5f0135b62b3)
2026-08-07 20:12:34 [[34mdebug[39m]: Socket connected: Ykjfe2p4-Gy-OxcMAAAH (user 6a733a34268aa5f0135b62b3)
2026-08-07 20:12:35 [[34mdebug[39m]: Socket connected: m_gfHH8Q89yOcQanAAAJ (user 6a733a34268aa5f0135b62b3)
2026-08-07 20:12:37 [[34mdebug[39m]: Socket connected: hKStFsgJS3MgFzNhAAAL (user 6a733a34268aa5f0135b62b3)
2026-08-07 20:13:10 [[34mdebug[39m]: Socket disconnected: m_gfHH8Q89yOcQanAAAJ (transport close)
2026-08-07 20:13:10 [[34mdebug[39m]: Socket disconnected: hKStFsgJS3MgFzNhAAAL (transport close)
2026-08-07 20:13:10 [[34mdebug[39m]: Socket connected: 2snQT_nkoZ1AvGTJAAAN (user 6a733a34268aa5f0135b62b3)
2026-08-07 20:13:10 [[34mdebug[39m]: Socket connected: wu019iIlXDdICExLAAAP (user 6a733a34268aa5f0135b62b3)
2026-08-07 20:16:47 [[34mdebug[39m]: Socket disconnected: wu019iIlXDdICExLAAAP (transport close)
2026-08-07 20:16:47 [[34mdebug[39m]: Socket disconnected: 2snQT_nkoZ1AvGTJAAAN (transport close)
2026-08-07 20:17:30 [[34mdebug[39m]: Socket disconnected: 1Qn6y7pJJZB23CLuAAAB (transport close)
2026-08-07 20:17:30 [[34mdebug[39m]: Socket disconnected: h37_eHPIA-tZad53AAAF (transport close)
2026-08-07 20:17:30 [[34mdebug[39m]: Socket disconnected: z8a4P78AZk8K9gV1AAAD (transport error)
2026-08-07 20:17:30 [[34mdebug[39m]: Socket disconnected: Ykjfe2p4-Gy-OxcMAAAH (transport error)
2026-08-07 20:19:50 [[34mdebug[39m]: Socket connected: LFj6qYWJnYLMq6MYAAAS (user 6a733a34268aa5f0135b62b3)
2026-08-07 20:19:50 [[34mdebug[39m]: Socket connected: J0EZLb976afb-5-6AAAT (user 6a733a34268aa5f0135b62b3)
2026-08-07 20:19:54 [[34mdebug[39m]: Socket disconnected: LFj6qYWJnYLMq6MYAAAS (transport close)
2026-08-07 20:19:54 [[34mdebug[39m]: Socket disconnected: J0EZLb976afb-5-6AAAT (transport close)
2026-08-07 20:19:54 [[34mdebug[39m]: Socket connected: pfQrQ4Xj90y9thKkAAAV (user 6a733a34268aa5f0135b62b3)
2026-08-07 20:19:54 [[34mdebug[39m]: Socket connected: Itu950ufYf9vzw0JAAAX (user 6a733a34268aa5f0135b62b3)
2026-08-07 20:19:55 [[34mdebug[39m]: Socket disconnected: Itu950ufYf9vzw0JAAAX (transport close)
2026-08-07 20:19:55 [[34mdebug[39m]: Socket disconnected: pfQrQ4Xj90y9thKkAAAV (transport close)
2026-08-07 20:21:41 [[32minfo[39m]: ✅ Google OAuth strategy registered
2026-08-07 20:21:41 [[32minfo[39m]: ✅ GitHub OAuth strategy registered
2026-08-07 20:21:42 [[32minfo[39m]: ✅ MongoDB connected
2026-08-07 20:21:42 [[33mwarn[39m]: ⚠️  Redis unavailable — running without it (single-instance mode)
2026-08-07 20:21:42 [[33mwarn[39m]: ⚠️  Socket.IO Redis adapter unavailable — using in-memory (single-instance only)
2026-08-07 20:22:22 [[32minfo[39m]: ✅ Google OAuth strategy registered
2026-08-07 20:22:22 [[32minfo[39m]: ✅ GitHub OAuth strategy registered
2026-08-07 20:22:22 [[32minfo[39m]: ✅ MongoDB connected
2026-08-07 20:22:22 [[33mwarn[39m]: ⚠️  Redis unavailable — running without it (single-instance mode)
2026-08-07 20:22:23 [[33mwarn[39m]: ⚠️  Socket.IO Redis adapter unavailable — using in-memory (single-instance only)
2026-08-07 20:22:23 [[32minfo[39m]: 🚀 Server running on http://localhost:4000
2026-08-07 23:30:21 [[32minfo[39m]: ✅ Google OAuth strategy registered
2026-08-07 23:30:21 [[32minfo[39m]: ✅ GitHub OAuth strategy registered
2026-08-07 23:30:22 [[32minfo[39m]: ✅ MongoDB connected
2026-08-07 23:30:22 [[33mwarn[39m]: ⚠️  Redis unavailable — running without it (single-instance mode)
2026-08-07 23:30:22 [[33mwarn[39m]: ⚠️  Socket.IO Redis adapter unavailable — using in-memory (single-instance only)
2026-08-07 23:33:10 [[32minfo[39m]: ✅ Google OAuth strategy registered
2026-08-07 23:33:10 [[32minfo[39m]: ✅ GitHub OAuth strategy registered
2026-08-07 23:33:11 [[32minfo[39m]: ✅ MongoDB connected
2026-08-07 23:33:11 [[33mwarn[39m]: ⚠️  Redis unavailable — running without it (single-instance mode)
2026-08-07 23:33:11 [[33mwarn[39m]: ⚠️  Socket.IO Redis adapter unavailable — using in-memory (single-instance only)
2026-08-07 23:33:11 [[32minfo[39m]: 🚀 Server running on http://localhost:4000
2026-08-07 23:33:14 [[34mdebug[39m]: Socket connected: WrbsGI6Qpk5nJc8JAAAB (user 6a733a34268aa5f0135b62b3)
2026-08-07 23:33:15 [[34mdebug[39m]: Socket connected: i9md8He7tdnDYRY9AAAD (user 6a733a34268aa5f0135b62b3)
2026-08-07 23:33:53 [[34mdebug[39m]: Socket connected: 1rh3L7Mt8RSodNiSAAAG (user 6a733a34268aa5f0135b62b3)
2026-08-07 23:33:53 [[34mdebug[39m]: Socket connected: i44lVNleSVMEicCRAAAH (user 6a733a34268aa5f0135b62b3)
2026-08-07 23:33:56 [[34mdebug[39m]: Socket disconnected: 1rh3L7Mt8RSodNiSAAAG (transport close)
2026-08-07 23:33:56 [[34mdebug[39m]: Socket disconnected: i44lVNleSVMEicCRAAAH (transport close)
2026-08-07 23:33:56 [[34mdebug[39m]: Socket connected: 5m_db0gvwOOBGJLIAAAJ (user 6a733a34268aa5f0135b62b3)
2026-08-07 23:33:56 [[34mdebug[39m]: Socket connected: ALa2levKf4ePO219AAAL (user 6a733a34268aa5f0135b62b3)
2026-08-07 23:33:56 [[34mdebug[39m]: Socket disconnected: 5m_db0gvwOOBGJLIAAAJ (transport close)
2026-08-07 23:33:56 [[34mdebug[39m]: Socket disconnected: ALa2levKf4ePO219AAAL (transport close)
2026-08-07 23:33:56 [[34mdebug[39m]: Socket connected: mcougO1jIx7NV4TPAAAN (user 6a733a34268aa5f0135b62b3)
2026-08-07 23:33:56 [[34mdebug[39m]: Socket connected: T5mV1Z2CCsA1nlyuAAAP (user 6a733a34268aa5f0135b62b3)
2026-08-07 23:33:56 [[34mdebug[39m]: Socket disconnected: mcougO1jIx7NV4TPAAAN (transport close)
2026-08-07 23:33:56 [[34mdebug[39m]: Socket disconnected: T5mV1Z2CCsA1nlyuAAAP (transport close)
2026-08-07 23:33:56 [[34mdebug[39m]: Socket connected: rMaBR9k5w6WCmKW2AAAS (user 6a733a34268aa5f0135b62b3)
2026-08-07 23:33:56 [[34mdebug[39m]: Socket connected: FMwmdCVDwk1IcRAaAAAT (user 6a733a34268aa5f0135b62b3)
2026-08-07 23:33:56 [[34mdebug[39m]: Socket disconnected: rMaBR9k5w6WCmKW2AAAS (transport close)
2026-08-07 23:33:56 [[34mdebug[39m]: Socket disconnected: FMwmdCVDwk1IcRAaAAAT (transport close)
2026-08-07 23:33:56 [[34mdebug[39m]: Socket connected: odlY1eAwTMqw7f1SAAAV (user 6a733a34268aa5f0135b62b3)
2026-08-07 23:33:56 [[34mdebug[39m]: Socket connected: Atr4op20n7V1T2FwAAAX (user 6a733a34268aa5f0135b62b3)
2026-08-07 23:33:56 [[34mdebug[39m]: Socket disconnected: odlY1eAwTMqw7f1SAAAV (transport close)
2026-08-07 23:33:56 [[34mdebug[39m]: Socket disconnected: Atr4op20n7V1T2FwAAAX (transport close)
2026-08-07 23:33:57 [[34mdebug[39m]: Socket connected: KxeDsNmuPva8KXqFAAAZ (user 6a733a34268aa5f0135b62b3)
2026-08-07 23:33:57 [[34mdebug[39m]: Socket connected: ijwJ4PwpzLll4PNaAAAb (user 6a733a34268aa5f0135b62b3)
2026-08-07 23:33:57 [[34mdebug[39m]: Socket disconnected: KxeDsNmuPva8KXqFAAAZ (transport close)
2026-08-07 23:33:57 [[34mdebug[39m]: Socket disconnected: ijwJ4PwpzLll4PNaAAAb (transport close)
2026-08-07 23:33:57 [[34mdebug[39m]: Socket connected: ipvfiAVeSxD8VIAvAAAd (user 6a733a34268aa5f0135b62b3)
2026-08-07 23:33:57 [[34mdebug[39m]: Socket connected: S4WTpRC0-iRb3wg6AAAf (user 6a733a34268aa5f0135b62b3)
2026-08-07 23:33:57 [[34mdebug[39m]: Socket disconnected: ipvfiAVeSxD8VIAvAAAd (transport close)
2026-08-07 23:33:57 [[34mdebug[39m]: Socket disconnected: S4WTpRC0-iRb3wg6AAAf (transport close)
2026-08-07 23:33:57 [[34mdebug[39m]: Socket connected: oT-uZOUxaFMHAKpFAAAh (user 6a733a34268aa5f0135b62b3)
2026-08-07 23:33:57 [[34mdebug[39m]: Socket connected: PwOF6F0sDEDBA0R6AAAj (user 6a733a34268aa5f0135b62b3)
2026-08-07 23:33:57 [[34mdebug[39m]: Socket disconnected: oT-uZOUxaFMHAKpFAAAh (transport close)
2026-08-07 23:33:57 [[34mdebug[39m]: Socket disconnected: PwOF6F0sDEDBA0R6AAAj (transport close)
2026-08-07 23:33:57 [[34mdebug[39m]: Socket connected: S2wTcvqeSPHKk7t3AAAl (user 6a733a34268aa5f0135b62b3)
2026-08-07 23:33:57 [[34mdebug[39m]: Socket connected: sFS04v9sMUlqpf4iAAAn (user 6a733a34268aa5f0135b62b3)
2026-08-07 23:33:57 [[34mdebug[39m]: Socket disconnected: S2wTcvqeSPHKk7t3AAAl (transport close)
2026-08-07 23:33:57 [[34mdebug[39m]: Socket disconnected: sFS04v9sMUlqpf4iAAAn (transport close)
2026-08-07 23:33:57 [[34mdebug[39m]: Socket connected: Va_bhGFTIC3SL9DaAAAp (user 6a733a34268aa5f0135b62b3)
2026-08-07 23:33:57 [[34mdebug[39m]: Socket connected: 04XV6Nb8hSRhZ-_NAAAr (user 6a733a34268aa5f0135b62b3)
2026-08-07 23:33:58 [[34mdebug[39m]: Socket disconnected: Va_bhGFTIC3SL9DaAAAp (transport close)
2026-08-07 23:33:58 [[34mdebug[39m]: Socket disconnected: 04XV6Nb8hSRhZ-_NAAAr (transport close)
2026-08-07 23:33:58 [[34mdebug[39m]: Socket connected: pDp6OHhl9Iwzqy4oAAAt (user 6a733a34268aa5f0135b62b3)
2026-08-07 23:33:58 [[34mdebug[39m]: Socket connected: eGVoRJCoAPMe6Df8AAAv (user 6a733a34268aa5f0135b62b3)
2026-08-07 23:33:58 [[34mdebug[39m]: Socket disconnected: pDp6OHhl9Iwzqy4oAAAt (transport close)
2026-08-07 23:33:58 [[34mdebug[39m]: Socket disconnected: eGVoRJCoAPMe6Df8AAAv (transport close)
2026-08-07 23:33:58 [[34mdebug[39m]: Socket connected: fySnOtiARlVVCXJHAAAx (user 6a733a34268aa5f0135b62b3)
2026-08-07 23:33:58 [[34mdebug[39m]: Socket connected: dHWOHbVVWa0US9FIAAAz (user 6a733a34268aa5f0135b62b3)
2026-08-07 23:33:58 [[34mdebug[39m]: Socket disconnected: fySnOtiARlVVCXJHAAAx (transport close)
2026-08-07 23:33:58 [[34mdebug[39m]: Socket disconnected: dHWOHbVVWa0US9FIAAAz (transport close)
2026-08-07 23:33:58 [[34mdebug[39m]: Socket connected: fl2bHuImIKKfqa4JAAA1 (user 6a733a34268aa5f0135b62b3)
2026-08-07 23:33:58 [[34mdebug[39m]: Socket connected: pblXnkwxJ30kSp08AAA3 (user 6a733a34268aa5f0135b62b3)
2026-08-07 23:33:58 [[34mdebug[39m]: Socket disconnected: fl2bHuImIKKfqa4JAAA1 (transport close)
2026-08-07 23:33:58 [[34mdebug[39m]: Socket disconnected: pblXnkwxJ30kSp08AAA3 (transport close)
2026-08-07 23:33:58 [[34mdebug[39m]: Socket connected: 3r8IKKARr0VeRWYaAAA5 (user 6a733a34268aa5f0135b62b3)
2026-08-07 23:33:58 [[34mdebug[39m]: Socket connected: 4Y0yCewc5qXdAaR9AAA7 (user 6a733a34268aa5f0135b62b3)
2026-08-07 23:33:59 [[34mdebug[39m]: Socket disconnected: 3r8IKKARr0VeRWYaAAA5 (transport close)
2026-08-07 23:33:59 [[34mdebug[39m]: Socket disconnected: 4Y0yCewc5qXdAaR9AAA7 (transport close)
2026-08-07 23:33:59 [[34mdebug[39m]: Socket connected: UUckE2Ua1uOUa3OFAAA9 (user 6a733a34268aa5f0135b62b3)
2026-08-07 23:33:59 [[34mdebug[39m]: Socket connected: MBiptTi7BymNfqTvAAA_ (user 6a733a34268aa5f0135b62b3)
2026-08-07 23:33:59 [[34mdebug[39m]: Socket disconnected: UUckE2Ua1uOUa3OFAAA9 (transport close)
2026-08-07 23:33:59 [[34mdebug[39m]: Socket disconnected: MBiptTi7BymNfqTvAAA_ (transport close)
2026-08-07 23:34:00 [[34mdebug[39m]: Socket connected: B2NAxB0rpnok-BoQAABB (user 6a733a34268aa5f0135b62b3)
2026-08-07 23:34:00 [[34mdebug[39m]: Socket connected: 8sta92eKknMYGyVOAABD (user 6a733a34268aa5f0135b62b3)
2026-08-07 23:34:01 [[34mdebug[39m]: Socket disconnected: B2NAxB0rpnok-BoQAABB (transport close)
2026-08-07 23:34:01 [[34mdebug[39m]: Socket disconnected: 8sta92eKknMYGyVOAABD (transport close)
2026-08-07 23:34:01 [[34mdebug[39m]: Socket connected: 5BAPc5CsmAyIYBykAABF (user 6a733a34268aa5f0135b62b3)
2026-08-07 23:34:01 [[34mdebug[39m]: Socket connected: dmdY8Rm64CvZ6jA1AABH (user 6a733a34268aa5f0135b62b3)
2026-08-07 23:34:24 [[34mdebug[39m]: Socket disconnected: WrbsGI6Qpk5nJc8JAAAB (ping timeout)
2026-08-07 23:34:25 [[34mdebug[39m]: Socket disconnected: i9md8He7tdnDYRY9AAAD (ping timeout)
2026-08-07 23:37:48 [[32minfo[39m]: ✅ Google OAuth strategy registered
2026-08-07 23:37:48 [[32minfo[39m]: ✅ GitHub OAuth strategy registered
2026-08-07 23:37:49 [[32minfo[39m]: ✅ MongoDB connected
2026-08-07 23:37:49 [[33mwarn[39m]: ⚠️  Redis unavailable — running without it (single-instance mode)
2026-08-07 23:37:49 [[33mwarn[39m]: ⚠️  Socket.IO Redis adapter unavailable — using in-memory (single-instance only)
2026-08-07 23:37:49 [[32minfo[39m]: 🚀 Server running on http://localhost:4000
2026-08-07 23:37:49 [[34mdebug[39m]: Socket connected: ucRb4ubP__ptgLZ-AAAB (user 6a733a34268aa5f0135b62b3)
2026-08-07 23:37:49 [[34mdebug[39m]: Socket connected: 5aI3nt60b8xlcOmHAAAD (user 6a733a34268aa5f0135b62b3)
2026-08-07 23:38:17 [[34mdebug[39m]: Socket connected: JszsA_pGOf5qf5ASAAAG (user 6a733a34268aa5f0135b62b3)
2026-08-07 23:38:17 [[34mdebug[39m]: Socket connected: 5epmvz7YL0KmcJnvAAAH (user 6a733a34268aa5f0135b62b3)
2026-08-07 23:38:21 [[34mdebug[39m]: Socket disconnected: JszsA_pGOf5qf5ASAAAG (transport close)
2026-08-07 23:38:21 [[34mdebug[39m]: Socket disconnected: 5epmvz7YL0KmcJnvAAAH (transport close)
2026-08-07 23:38:21 [[34mdebug[39m]: Socket connected: C6zX5hdxvi4RPxxwAAAJ (user 6a733a34268aa5f0135b62b3)
2026-08-07 23:38:22 [[34mdebug[39m]: Socket connected: MC1j5-v-99e2DosIAAAL (user 6a733a34268aa5f0135b62b3)
2026-08-07 23:38:22 [[34mdebug[39m]: Socket disconnected: MC1j5-v-99e2DosIAAAL (transport close)
2026-08-07 23:38:22 [[34mdebug[39m]: Socket disconnected: C6zX5hdxvi4RPxxwAAAJ (transport error)
2026-08-07 23:38:22 [[34mdebug[39m]: Socket connected: dl4kn5YJYDVL17OYAAAN (user 6a733a34268aa5f0135b62b3)
2026-08-07 23:38:22 [[34mdebug[39m]: Socket connected: 6RnjAqhCT1dJFQTBAAAP (user 6a733a34268aa5f0135b62b3)
2026-08-07 23:38:22 [[34mdebug[39m]: Socket disconnected: 6RnjAqhCT1dJFQTBAAAP (transport close)
2026-08-07 23:38:22 [[34mdebug[39m]: Socket disconnected: dl4kn5YJYDVL17OYAAAN (transport error)
2026-08-07 23:38:22 [[34mdebug[39m]: Socket connected: dl0X3WLl_UXl8CegAAAR (user 6a733a34268aa5f0135b62b3)
2026-08-07 23:38:22 [[34mdebug[39m]: Socket connected: YWP7WQkneRlpP2KlAAAT (user 6a733a34268aa5f0135b62b3)
2026-08-07 23:38:22 [[34mdebug[39m]: Socket disconnected: YWP7WQkneRlpP2KlAAAT (transport close)
2026-08-07 23:38:22 [[34mdebug[39m]: Socket disconnected: dl0X3WLl_UXl8CegAAAR (transport error)
2026-08-07 23:38:22 [[34mdebug[39m]: Socket connected: mbqAaCg6UulG0uURAAAV (user 6a733a34268aa5f0135b62b3)
2026-08-07 23:38:22 [[34mdebug[39m]: Socket connected: Jis4qpQry2BiLVJdAAAX (user 6a733a34268aa5f0135b62b3)
2026-08-07 23:38:22 [[34mdebug[39m]: Socket disconnected: mbqAaCg6UulG0uURAAAV (transport close)
2026-08-07 23:38:22 [[34mdebug[39m]: Socket disconnected: Jis4qpQry2BiLVJdAAAX (transport close)
2026-08-07 23:38:22 [[34mdebug[39m]: Socket connected: zgSJP2sIvhKM_Vf9AAAZ (user 6a733a34268aa5f0135b62b3)
2026-08-07 23:38:22 [[34mdebug[39m]: Socket connected: vaeNwb6gvc-22vLFAAAb (user 6a733a34268aa5f0135b62b3)
2026-08-07 23:38:23 [[34mdebug[39m]: Socket disconnected: zgSJP2sIvhKM_Vf9AAAZ (transport close)
2026-08-07 23:38:23 [[34mdebug[39m]: Socket disconnected: vaeNwb6gvc-22vLFAAAb (transport close)
2026-08-07 23:38:23 [[34mdebug[39m]: Socket connected: hIY-v8JAnXCLSmjAAAAd (user 6a733a34268aa5f0135b62b3)
2026-08-07 23:38:23 [[34mdebug[39m]: Socket connected: CRZKyO1ByASU3SQFAAAf (user 6a733a34268aa5f0135b62b3)
2026-08-07 23:38:23 [[34mdebug[39m]: Socket disconnected: hIY-v8JAnXCLSmjAAAAd (transport close)
2026-08-07 23:38:23 [[34mdebug[39m]: Socket disconnected: CRZKyO1ByASU3SQFAAAf (transport close)
2026-08-07 23:38:23 [[34mdebug[39m]: Socket connected: VBIQiWGSYGgVI8BEAAAh (user 6a733a34268aa5f0135b62b3)
2026-08-07 23:38:23 [[34mdebug[39m]: Socket connected: sKE77Jlca1iPMB2OAAAj (user 6a733a34268aa5f0135b62b3)
2026-08-07 23:38:23 [[34mdebug[39m]: Socket disconnected: VBIQiWGSYGgVI8BEAAAh (transport close)
2026-08-07 23:38:23 [[34mdebug[39m]: Socket disconnected: sKE77Jlca1iPMB2OAAAj (transport close)
2026-08-07 23:38:23 [[34mdebug[39m]: Socket connected: oqxxygXsUA8VfK5fAAAl (user 6a733a34268aa5f0135b62b3)
2026-08-07 23:38:23 [[34mdebug[39m]: Socket connected: 4bRM5GwZ2d0QcSTQAAAn (user 6a733a34268aa5f0135b62b3)
2026-08-07 23:38:23 [[34mdebug[39m]: Socket disconnected: oqxxygXsUA8VfK5fAAAl (transport close)
2026-08-07 23:38:23 [[34mdebug[39m]: Socket disconnected: 4bRM5GwZ2d0QcSTQAAAn (transport error)
2026-08-07 23:38:23 [[34mdebug[39m]: Socket connected: JvZDg-OOAG0q6qmEAAAp (user 6a733a34268aa5f0135b62b3)
2026-08-07 23:38:23 [[34mdebug[39m]: Socket connected: uFfGOLdjPjYa80T0AAAr (user 6a733a34268aa5f0135b62b3)
2026-08-07 23:38:23 [[34mdebug[39m]: Socket disconnected: JvZDg-OOAG0q6qmEAAAp (transport close)
2026-08-07 23:38:23 [[34mdebug[39m]: Socket disconnected: uFfGOLdjPjYa80T0AAAr (transport close)
2026-08-07 23:38:23 [[34mdebug[39m]: Socket connected: sgPeJUHu8ym8jQYpAAAt (user 6a733a34268aa5f0135b62b3)
2026-08-07 23:38:23 [[34mdebug[39m]: Socket connected: tb9ABUtGB5VoSmjKAAAv (user 6a733a34268aa5f0135b62b3)
2026-08-07 23:38:24 [[34mdebug[39m]: Socket disconnected: sgPeJUHu8ym8jQYpAAAt (transport close)
2026-08-07 23:38:24 [[34mdebug[39m]: Socket disconnected: tb9ABUtGB5VoSmjKAAAv (transport close)
2026-08-07 23:38:24 [[34mdebug[39m]: Socket connected: _QuTNJB-DKPtKI6xAAAx (user 6a733a34268aa5f0135b62b3)
2026-08-07 23:38:24 [[34mdebug[39m]: Socket connected: hn5MHEYtYQLSFJmmAAAz (user 6a733a34268aa5f0135b62b3)
2026-08-07 23:38:24 [[34mdebug[39m]: Socket disconnected: hn5MHEYtYQLSFJmmAAAz (transport close)
2026-08-07 23:38:24 [[34mdebug[39m]: Socket disconnected: _QuTNJB-DKPtKI6xAAAx (transport error)
2026-08-07 23:38:24 [[34mdebug[39m]: Socket connected: 0gdID_2V1EkxI470AAA1 (user 6a733a34268aa5f0135b62b3)
2026-08-07 23:38:24 [[34mdebug[39m]: Socket connected: 2tjzcKQQSvuD2uPhAAA3 (user 6a733a34268aa5f0135b62b3)
2026-08-07 23:38:24 [[34mdebug[39m]: Socket disconnected: 0gdID_2V1EkxI470AAA1 (transport close)
2026-08-07 23:38:24 [[34mdebug[39m]: Socket disconnected: 2tjzcKQQSvuD2uPhAAA3 (transport close)
2026-08-07 23:38:24 [[34mdebug[39m]: Socket connected: 2m3CFCfyu5NsqRzRAAA5 (user 6a733a34268aa5f0135b62b3)
2026-08-07 23:38:24 [[34mdebug[39m]: Socket connected: VR9yWY0yDyGp3XesAAA7 (user 6a733a34268aa5f0135b62b3)
2026-08-07 23:38:24 [[34mdebug[39m]: Socket disconnected: 2m3CFCfyu5NsqRzRAAA5 (transport close)
2026-08-07 23:38:24 [[34mdebug[39m]: Socket disconnected: VR9yWY0yDyGp3XesAAA7 (transport close)
2026-08-07 23:38:24 [[34mdebug[39m]: Socket connected: weuGjLEIDhnmKf8sAAA9 (user 6a733a34268aa5f0135b62b3)
2026-08-07 23:38:24 [[34mdebug[39m]: Socket connected: pyFP_s_SI1boJ6JHAAA_ (user 6a733a34268aa5f0135b62b3)
2026-08-07 23:38:24 [[34mdebug[39m]: Socket disconnected: weuGjLEIDhnmKf8sAAA9 (transport close)
2026-08-07 23:38:24 [[34mdebug[39m]: Socket disconnected: pyFP_s_SI1boJ6JHAAA_ (transport close)
2026-08-07 23:38:24 [[34mdebug[39m]: Socket connected: xZM3bcXwk4PpFH86AABB (user 6a733a34268aa5f0135b62b3)
2026-08-07 23:38:25 [[34mdebug[39m]: Socket connected: oU0XMIc9W3wLJ_tUAABD (user 6a733a34268aa5f0135b62b3)
2026-08-07 23:38:25 [[34mdebug[39m]: Socket disconnected: xZM3bcXwk4PpFH86AABB (transport close)
2026-08-07 23:38:25 [[34mdebug[39m]: Socket disconnected: oU0XMIc9W3wLJ_tUAABD (transport close)
2026-08-07 23:38:25 [[34mdebug[39m]: Socket connected: mlqn76ZRIqti8pomAABF (user 6a733a34268aa5f0135b62b3)
2026-08-07 23:38:25 [[34mdebug[39m]: Socket connected: pM5k_fnB9Q2JhJ3MAABH (user 6a733a34268aa5f0135b62b3)
2026-08-07 23:38:25 [[34mdebug[39m]: Socket disconnected: mlqn76ZRIqti8pomAABF (transport close)
2026-08-07 23:38:25 [[34mdebug[39m]: Socket disconnected: pM5k_fnB9Q2JhJ3MAABH (transport close)
2026-08-07 23:38:25 [[34mdebug[39m]: Socket connected: GNyhNRXLrwB5c1FcAABJ (user 6a733a34268aa5f0135b62b3)
2026-08-07 23:38:25 [[34mdebug[39m]: Socket connected: Iko3cbNHvCW3U4C4AABL (user 6a733a34268aa5f0135b62b3)
2026-08-07 23:38:25 [[34mdebug[39m]: Socket disconnected: Iko3cbNHvCW3U4C4AABL (transport close)
2026-08-07 23:38:25 [[34mdebug[39m]: Socket disconnected: GNyhNRXLrwB5c1FcAABJ (transport error)
2026-08-07 23:38:25 [[34mdebug[39m]: Socket connected: o3VRk5Ppv2ZZQSF7AABN (user 6a733a34268aa5f0135b62b3)
2026-08-07 23:38:25 [[34mdebug[39m]: Socket connected: 2iPDjYDE2a5M8m3cAABP (user 6a733a34268aa5f0135b62b3)
2026-08-07 23:38:34 [[34mdebug[39m]: Socket disconnected: ucRb4ubP__ptgLZ-AAAB (ping timeout)
2026-08-07 23:38:34 [[34mdebug[39m]: Socket disconnected: 5aI3nt60b8xlcOmHAAAD (ping timeout)
2026-08-07 23:39:29 [[34mdebug[39m]: Socket connected: yu7GfeSS7cNIqyXDAABS (user 6a733a34268aa5f0135b62b3)
2026-08-07 23:39:29 [[34mdebug[39m]: Socket connected: GtKbGR08mKXh8GLkAABT (user 6a733a34268aa5f0135b62b3)
2026-08-07 23:39:35 [[34mdebug[39m]: Socket disconnected: o3VRk5Ppv2ZZQSF7AABN (ping timeout)
2026-08-07 23:39:36 [[34mdebug[39m]: Socket disconnected: 2iPDjYDE2a5M8m3cAABP (ping timeout)
2026-08-07 23:44:12 [[32minfo[39m]: ✅ Google OAuth strategy registered
2026-08-07 23:44:12 [[32minfo[39m]: ✅ GitHub OAuth strategy registered
2026-08-07 23:44:13 [[32minfo[39m]: ✅ MongoDB connected
2026-08-07 23:44:13 [[33mwarn[39m]: ⚠️  Redis unavailable — running without it (single-instance mode)
2026-08-07 23:44:13 [[33mwarn[39m]: ⚠️  Socket.IO Redis adapter unavailable — using in-memory (single-instance only)
2026-08-07 23:44:13 [[32minfo[39m]: 🚀 Server running on http://localhost:4000
2026-08-07 23:44:17 [[34mdebug[39m]: Socket connected: m7ebDCigW7jtGg4EAAAB (user 6a733a34268aa5f0135b62b3)
2026-08-07 23:44:17 [[34mdebug[39m]: Socket connected: PNEiV79UHLkRgzh3AAAD (user 6a733a34268aa5f0135b62b3)
2026-08-07 23:44:45 [[34mdebug[39m]: Socket connected: NdoTj97ZNTta4SKaAAAG (user 6a733a34268aa5f0135b62b3)
2026-08-07 23:44:45 [[34mdebug[39m]: Socket connected: Nb8tup-gwAIbKentAAAH (user 6a733a34268aa5f0135b62b3)
2026-08-07 23:44:48 [[34mdebug[39m]: Socket disconnected: NdoTj97ZNTta4SKaAAAG (transport close)
2026-08-07 23:44:48 [[34mdebug[39m]: Socket disconnected: Nb8tup-gwAIbKentAAAH (transport close)
2026-08-07 23:44:48 [[34mdebug[39m]: Socket connected: LVIwUZzWpqe3OZ84AAAJ (user 6a733a34268aa5f0135b62b3)
2026-08-07 23:44:48 [[34mdebug[39m]: Socket connected: Y44MH8tkGcyrZCmXAAAL (user 6a733a34268aa5f0135b62b3)
2026-08-07 23:44:49 [[34mdebug[39m]: Socket disconnected: Y44MH8tkGcyrZCmXAAAL (transport close)
2026-08-07 23:44:49 [[34mdebug[39m]: Socket disconnected: LVIwUZzWpqe3OZ84AAAJ (transport error)
2026-08-07 23:44:49 [[34mdebug[39m]: Socket connected: AUhVn9Izqz04LTLoAAAN (user 6a733a34268aa5f0135b62b3)
2026-08-07 23:44:49 [[34mdebug[39m]: Socket connected: QqDYSByjt1H_bxrjAAAP (user 6a733a34268aa5f0135b62b3)
2026-08-07 23:44:49 [[34mdebug[39m]: Socket disconnected: AUhVn9Izqz04LTLoAAAN (transport close)
2026-08-07 23:44:49 [[34mdebug[39m]: Socket disconnected: QqDYSByjt1H_bxrjAAAP (transport close)
2026-08-07 23:44:49 [[34mdebug[39m]: Socket connected: CbN0pCl3CrZeptM0AAAS (user 6a733a34268aa5f0135b62b3)
2026-08-07 23:44:49 [[34mdebug[39m]: Socket connected: RSK2N4EF1YCJVM5JAAAT (user 6a733a34268aa5f0135b62b3)
2026-08-07 23:44:49 [[34mdebug[39m]: Socket disconnected: CbN0pCl3CrZeptM0AAAS (transport close)
2026-08-07 23:44:49 [[34mdebug[39m]: Socket disconnected: RSK2N4EF1YCJVM5JAAAT (transport close)
2026-08-07 23:44:49 [[34mdebug[39m]: Socket connected: T93RtoKMQq3NJN_YAAAV (user 6a733a34268aa5f0135b62b3)
2026-08-07 23:44:49 [[34mdebug[39m]: Socket connected: UmgSwT4eYpJERBpOAAAX (user 6a733a34268aa5f0135b62b3)
2026-08-07 23:44:49 [[34mdebug[39m]: Socket disconnected: UmgSwT4eYpJERBpOAAAX (transport close)
2026-08-07 23:44:49 [[34mdebug[39m]: Socket disconnected: T93RtoKMQq3NJN_YAAAV (transport error)
2026-08-07 23:44:50 [[34mdebug[39m]: Socket connected: iYbV8-abXPfwaB8lAAAZ (user 6a733a34268aa5f0135b62b3)
2026-08-07 23:44:50 [[34mdebug[39m]: Socket connected: ccccViQy-En_YqhpAAAb (user 6a733a34268aa5f0135b62b3)
2026-08-07 23:44:50 [[34mdebug[39m]: Socket disconnected: ccccViQy-En_YqhpAAAb (transport close)
2026-08-07 23:44:50 [[34mdebug[39m]: Socket disconnected: iYbV8-abXPfwaB8lAAAZ (transport error)
2026-08-07 23:44:50 [[34mdebug[39m]: Socket connected: SY1d7P6m3Uz5Gv-fAAAd (user 6a733a34268aa5f0135b62b3)
2026-08-07 23:44:50 [[34mdebug[39m]: Socket connected: QqPvVUxGgd28ybgAAAAf (user 6a733a34268aa5f0135b62b3)
2026-08-07 23:44:50 [[34mdebug[39m]: Socket disconnected: SY1d7P6m3Uz5Gv-fAAAd (transport close)
2026-08-07 23:44:50 [[34mdebug[39m]: Socket disconnected: QqPvVUxGgd28ybgAAAAf (transport close)
2026-08-07 23:44:50 [[34mdebug[39m]: Socket connected: hsAQzmUkL6gcYmLSAAAh (user 6a733a34268aa5f0135b62b3)
2026-08-07 23:44:50 [[34mdebug[39m]: Socket connected: 6pxxj9G_N8rQFxo3AAAj (user 6a733a34268aa5f0135b62b3)
2026-08-07 23:44:50 [[34mdebug[39m]: Socket disconnected: 6pxxj9G_N8rQFxo3AAAj (transport close)
2026-08-07 23:44:50 [[34mdebug[39m]: Socket disconnected: hsAQzmUkL6gcYmLSAAAh (transport error)
2026-08-07 23:44:50 [[34mdebug[39m]: Socket connected: CcexHH8MNQ2GYd3UAAAl (user 6a733a34268aa5f0135b62b3)
2026-08-07 23:44:50 [[34mdebug[39m]: Socket connected: AConwS36_Wds4kwZAAAn (user 6a733a34268aa5f0135b62b3)
2026-08-07 23:44:50 [[34mdebug[39m]: Socket disconnected: AConwS36_Wds4kwZAAAn (transport close)
2026-08-07 23:44:50 [[34mdebug[39m]: Socket disconnected: CcexHH8MNQ2GYd3UAAAl (transport error)
2026-08-07 23:44:50 [[34mdebug[39m]: Socket connected: 0LvPrIHenKxe9SL7AAAp (user 6a733a34268aa5f0135b62b3)
2026-08-07 23:44:50 [[34mdebug[39m]: Socket connected: 3JnL_5X8t-8CHWTUAAAr (user 6a733a34268aa5f0135b62b3)
2026-08-07 23:44:51 [[34mdebug[39m]: Socket disconnected: 3JnL_5X8t-8CHWTUAAAr (transport close)
2026-08-07 23:44:51 [[34mdebug[39m]: Socket disconnected: 0LvPrIHenKxe9SL7AAAp (transport error)
2026-08-07 23:44:51 [[34mdebug[39m]: Socket connected: MxXydSKdI6OAkyGHAAAt (user 6a733a34268aa5f0135b62b3)
2026-08-07 23:44:51 [[34mdebug[39m]: Socket connected: wwxKIvhOaK0MhUMNAAAv (user 6a733a34268aa5f0135b62b3)
2026-08-07 23:44:51 [[34mdebug[39m]: Socket disconnected: wwxKIvhOaK0MhUMNAAAv (transport close)
2026-08-07 23:44:51 [[34mdebug[39m]: Socket disconnected: MxXydSKdI6OAkyGHAAAt (transport error)
2026-08-07 23:44:51 [[34mdebug[39m]: Socket connected: EBDUhdFTgwSIzQYSAAAx (user 6a733a34268aa5f0135b62b3)
2026-08-07 23:44:51 [[34mdebug[39m]: Socket connected: X5dcbYnY8ihesl5gAAAz (user 6a733a34268aa5f0135b62b3)
2026-08-07 23:44:51 [[34mdebug[39m]: Socket disconnected: EBDUhdFTgwSIzQYSAAAx (transport close)
2026-08-07 23:44:51 [[34mdebug[39m]: Socket disconnected: X5dcbYnY8ihesl5gAAAz (transport close)
2026-08-07 23:44:51 [[34mdebug[39m]: Socket connected: cKfl_cB16AwTzcKyAAA1 (user 6a733a34268aa5f0135b62b3)
2026-08-07 23:44:51 [[34mdebug[39m]: Socket connected: Xk_gj59sl_VDhTRuAAA3 (user 6a733a34268aa5f0135b62b3)
2026-08-07 23:44:51 [[34mdebug[39m]: Socket disconnected: Xk_gj59sl_VDhTRuAAA3 (transport close)
2026-08-07 23:44:51 [[34mdebug[39m]: Socket disconnected: cKfl_cB16AwTzcKyAAA1 (transport error)
2026-08-07 23:44:51 [[34mdebug[39m]: Socket connected: 4EVmWDrTFuuW6S0FAAA5 (user 6a733a34268aa5f0135b62b3)
2026-08-07 23:44:51 [[34mdebug[39m]: Socket connected: mXwDV7qd90IOCzIoAAA7 (user 6a733a34268aa5f0135b62b3)
2026-08-07 23:44:51 [[34mdebug[39m]: Socket disconnected: mXwDV7qd90IOCzIoAAA7 (transport close)
2026-08-07 23:44:51 [[34mdebug[39m]: Socket disconnected: 4EVmWDrTFuuW6S0FAAA5 (transport error)
2026-08-07 23:44:51 [[34mdebug[39m]: Socket connected: Aap-lkm9AKdnx5a8AAA9 (user 6a733a34268aa5f0135b62b3)
2026-08-07 23:44:51 [[34mdebug[39m]: Socket connected: wBl4TLZiMXh2F-kPAAA_ (user 6a733a34268aa5f0135b62b3)
2026-08-07 23:44:52 [[34mdebug[39m]: Socket disconnected: Aap-lkm9AKdnx5a8AAA9 (transport close)
2026-08-07 23:44:52 [[34mdebug[39m]: Socket disconnected: wBl4TLZiMXh2F-kPAAA_ (transport close)
2026-08-07 23:44:52 [[34mdebug[39m]: Socket connected: qv-VY4GVLOPyg6kwAABB (user 6a733a34268aa5f0135b62b3)
2026-08-07 23:44:52 [[34mdebug[39m]: Socket connected: cykcR3qnJmgxg9krAABD (user 6a733a34268aa5f0135b62b3)
2026-08-07 23:44:52 [[34mdebug[39m]: Socket disconnected: qv-VY4GVLOPyg6kwAABB (transport close)
2026-08-07 23:44:52 [[34mdebug[39m]: Socket disconnected: cykcR3qnJmgxg9krAABD (transport error)
2026-08-07 23:44:52 [[34mdebug[39m]: Socket connected: x7z_q9DB_BIlAXECAABF (user 6a733a34268aa5f0135b62b3)
2026-08-07 23:44:52 [[34mdebug[39m]: Socket connected: bP8vwACu_TeiNsWkAABH (user 6a733a34268aa5f0135b62b3)
2026-08-07 23:44:52 [[34mdebug[39m]: Socket disconnected: x7z_q9DB_BIlAXECAABF (transport close)
2026-08-07 23:44:52 [[34mdebug[39m]: Socket disconnected: bP8vwACu_TeiNsWkAABH (transport close)
2026-08-07 23:44:52 [[34mdebug[39m]: Socket connected: 2yii7sbKXqJUcdioAABJ (user 6a733a34268aa5f0135b62b3)
2026-08-07 23:44:52 [[34mdebug[39m]: Socket connected: MzTEoDZw8dQeJsslAABL (user 6a733a34268aa5f0135b62b3)
2026-08-07 23:44:53 [[34mdebug[39m]: Socket disconnected: 2yii7sbKXqJUcdioAABJ (transport close)
2026-08-07 23:44:53 [[34mdebug[39m]: Socket disconnected: MzTEoDZw8dQeJsslAABL (transport close)
2026-08-07 23:44:53 [[34mdebug[39m]: Socket connected: -MTrhSK_ACAj8zfPAABN (user 6a733a34268aa5f0135b62b3)
2026-08-07 23:44:54 [[34mdebug[39m]: Socket connected: 8q3_PYwbeNn64XV6AABP (user 6a733a34268aa5f0135b62b3)
2026-08-07 23:44:54 [[34mdebug[39m]: Socket disconnected: -MTrhSK_ACAj8zfPAABN (transport close)
2026-08-07 23:44:54 [[34mdebug[39m]: Socket disconnected: 8q3_PYwbeNn64XV6AABP (transport close)
2026-08-07 23:44:54 [[34mdebug[39m]: Socket connected: c1deffPBUI3TXz2pAABR (user 6a733a34268aa5f0135b62b3)
2026-08-07 23:44:54 [[34mdebug[39m]: Socket connected: OEKT4YD7D2w15kNsAABT (user 6a733a34268aa5f0135b62b3)
2026-08-07 23:44:55 [[34mdebug[39m]: Socket disconnected: c1deffPBUI3TXz2pAABR (transport close)
2026-08-07 23:44:55 [[34mdebug[39m]: Socket disconnected: OEKT4YD7D2w15kNsAABT (transport close)
2026-08-07 23:44:55 [[34mdebug[39m]: Socket connected: YEUuDtV8iicxohV5AABV (user 6a733a34268aa5f0135b62b3)
2026-08-07 23:44:55 [[34mdebug[39m]: Socket connected: KYoawSEkVEp8B2o0AABX (user 6a733a34268aa5f0135b62b3)
2026-08-07 23:44:55 [[34mdebug[39m]: Socket disconnected: YEUuDtV8iicxohV5AABV (transport close)
2026-08-07 23:44:55 [[34mdebug[39m]: Socket disconnected: KYoawSEkVEp8B2o0AABX (transport close)
2026-08-07 23:44:55 [[34mdebug[39m]: Socket connected: hZVXbxvuX7UjbpA2AABZ (user 6a733a34268aa5f0135b62b3)
2026-08-07 23:44:55 [[34mdebug[39m]: Socket connected: h9zwWt6T4SScjwP6AABb (user 6a733a34268aa5f0135b62b3)
2026-08-07 23:45:02 [[34mdebug[39m]: Socket disconnected: m7ebDCigW7jtGg4EAAAB (ping timeout)
2026-08-07 23:45:02 [[34mdebug[39m]: Socket disconnected: PNEiV79UHLkRgzh3AAAD (ping timeout)
2026-08-07 23:49:16 [[32minfo[39m]: ✅ Google OAuth strategy registered
2026-08-07 23:49:16 [[32minfo[39m]: ✅ GitHub OAuth strategy registered
2026-08-07 23:49:17 [[32minfo[39m]: ✅ MongoDB connected
2026-08-07 23:49:17 [[33mwarn[39m]: ⚠️  Redis unavailable — running without it (single-instance mode)
2026-08-07 23:49:17 [[33mwarn[39m]: ⚠️  Socket.IO Redis adapter unavailable — using in-memory (single-instance only)
2026-08-07 23:49:17 [[32minfo[39m]: 🚀 Server running on http://localhost:4000
2026-08-07 23:49:18 [[34mdebug[39m]: Socket connected: ph8w_aYpGy_SG_oOAAAB (user 6a733a34268aa5f0135b62b3)
2026-08-07 23:49:21 [[34mdebug[39m]: Socket connected: zE23FtF3gHWDIqsGAAAD (user 6a733a34268aa5f0135b62b3)
2026-08-07 23:49:43 [[34mdebug[39m]: Socket connected: 0RlJewsSy5Sl8VttAAAG (user 6a733a34268aa5f0135b62b3)
2026-08-07 23:49:43 [[34mdebug[39m]: Socket connected: B1sxqMvI3c8Px22QAAAH (user 6a733a34268aa5f0135b62b3)
2026-08-07 23:49:46 [[34mdebug[39m]: Socket disconnected: 0RlJewsSy5Sl8VttAAAG (transport close)
2026-08-07 23:49:46 [[34mdebug[39m]: Socket disconnected: B1sxqMvI3c8Px22QAAAH (transport close)
2026-08-07 23:49:46 [[34mdebug[39m]: Socket connected: lNT2CIKqhM1qoBkYAAAJ (user 6a733a34268aa5f0135b62b3)
2026-08-07 23:49:46 [[34mdebug[39m]: Socket connected: kfWi8aiSK2wwjREiAAAL (user 6a733a34268aa5f0135b62b3)
2026-08-07 23:49:47 [[34mdebug[39m]: Socket disconnected: lNT2CIKqhM1qoBkYAAAJ (transport close)
2026-08-07 23:49:47 [[34mdebug[39m]: Socket disconnected: kfWi8aiSK2wwjREiAAAL (transport close)
2026-08-07 23:49:47 [[34mdebug[39m]: Socket connected: Y9G622gqG06Pwp8VAAAN (user 6a733a34268aa5f0135b62b3)
2026-08-07 23:49:47 [[34mdebug[39m]: Socket connected: w6dLUN0Xk_GdAW9eAAAP (user 6a733a34268aa5f0135b62b3)
2026-08-07 23:49:47 [[34mdebug[39m]: Socket disconnected: Y9G622gqG06Pwp8VAAAN (transport close)
2026-08-07 23:49:47 [[34mdebug[39m]: Socket disconnected: w6dLUN0Xk_GdAW9eAAAP (transport close)
2026-08-07 23:49:47 [[34mdebug[39m]: Socket connected: TcHpRaViSgsJyg3sAAAR (user 6a733a34268aa5f0135b62b3)
2026-08-07 23:49:47 [[34mdebug[39m]: Socket connected: kHi6pjuH5KJzksQZAAAT (user 6a733a34268aa5f0135b62b3)
2026-08-07 23:49:47 [[34mdebug[39m]: Socket disconnected: TcHpRaViSgsJyg3sAAAR (transport close)
2026-08-07 23:49:47 [[34mdebug[39m]: Socket disconnected: kHi6pjuH5KJzksQZAAAT (transport close)
2026-08-07 23:49:47 [[34mdebug[39m]: Socket connected: tLmiAwky4sH8M4tIAAAW (user 6a733a34268aa5f0135b62b3)
2026-08-07 23:49:47 [[34mdebug[39m]: Socket connected: IkbxZrFVOMLM1x4hAAAX (user 6a733a34268aa5f0135b62b3)
2026-08-07 23:49:47 [[34mdebug[39m]: Socket disconnected: tLmiAwky4sH8M4tIAAAW (transport close)
2026-08-07 23:49:47 [[34mdebug[39m]: Socket disconnected: IkbxZrFVOMLM1x4hAAAX (transport close)
2026-08-07 23:49:47 [[34mdebug[39m]: Socket connected: DrYLhRgSYVBlAdqyAAAZ (user 6a733a34268aa5f0135b62b3)
2026-08-07 23:49:47 [[34mdebug[39m]: Socket connected: TTgWjejn0aqcd68zAAAb (user 6a733a34268aa5f0135b62b3)
2026-08-07 23:49:48 [[34mdebug[39m]: Socket disconnected: TTgWjejn0aqcd68zAAAb (transport close)
2026-08-07 23:49:48 [[34mdebug[39m]: Socket disconnected: DrYLhRgSYVBlAdqyAAAZ (transport error)
2026-08-07 23:49:48 [[34mdebug[39m]: Socket connected: h8kY2Y8od_qdijlrAAAd (user 6a733a34268aa5f0135b62b3)
2026-08-07 23:49:48 [[34mdebug[39m]: Socket connected: 48WQz8L7L2l9iklQAAAf (user 6a733a34268aa5f0135b62b3)
2026-08-07 23:49:48 [[34mdebug[39m]: Socket disconnected: 48WQz8L7L2l9iklQAAAf (transport close)
2026-08-07 23:49:48 [[34mdebug[39m]: Socket disconnected: h8kY2Y8od_qdijlrAAAd (transport error)
2026-08-07 23:49:48 [[34mdebug[39m]: Socket connected: j7wtPtkspuLws0IlAAAh (user 6a733a34268aa5f0135b62b3)
2026-08-07 23:49:48 [[34mdebug[39m]: Socket connected: IYW7evl6B4XU-qgoAAAj (user 6a733a34268aa5f0135b62b3)
2026-08-07 23:49:48 [[34mdebug[39m]: Socket disconnected: IYW7evl6B4XU-qgoAAAj (transport close)
2026-08-07 23:49:48 [[34mdebug[39m]: Socket disconnected: j7wtPtkspuLws0IlAAAh (transport error)
2026-08-07 23:49:49 [[34mdebug[39m]: Socket connected: _E90cuU1NP9_4tJZAAAl (user 6a733a34268aa5f0135b62b3)
2026-08-07 23:49:49 [[34mdebug[39m]: Socket connected: R9dR50u-WoF-nWYfAAAn (user 6a733a34268aa5f0135b62b3)
2026-08-07 23:49:49 [[34mdebug[39m]: Socket disconnected: _E90cuU1NP9_4tJZAAAl (transport close)
2026-08-07 23:49:49 [[34mdebug[39m]: Socket disconnected: R9dR50u-WoF-nWYfAAAn (transport close)
2026-08-07 23:49:49 [[34mdebug[39m]: Socket connected: xTIGrDVmghTZnIyZAAAp (user 6a733a34268aa5f0135b62b3)
2026-08-07 23:49:49 [[34mdebug[39m]: Socket connected: vlQsTopQXqmJaC5rAAAr (user 6a733a34268aa5f0135b62b3)
2026-08-07 23:49:49 [[34mdebug[39m]: Socket disconnected: xTIGrDVmghTZnIyZAAAp (transport close)
2026-08-07 23:49:49 [[34mdebug[39m]: Socket disconnected: vlQsTopQXqmJaC5rAAAr (transport close)
2026-08-07 23:49:49 [[34mdebug[39m]: Socket connected: EfLjrrrLuNwaAtrOAAAt (user 6a733a34268aa5f0135b62b3)
2026-08-07 23:49:49 [[34mdebug[39m]: Socket connected: QBTMYcD-1petQ5q_AAAv (user 6a733a34268aa5f0135b62b3)
2026-08-07 23:49:49 [[34mdebug[39m]: Socket disconnected: QBTMYcD-1petQ5q_AAAv (transport close)
2026-08-07 23:49:49 [[34mdebug[39m]: Socket disconnected: EfLjrrrLuNwaAtrOAAAt (transport error)
2026-08-07 23:49:49 [[34mdebug[39m]: Socket connected: VNiLixToVWAaFwW1AAAx (user 6a733a34268aa5f0135b62b3)
2026-08-07 23:49:49 [[34mdebug[39m]: Socket connected: zAmmA_zRpa_cJwsAAAAz (user 6a733a34268aa5f0135b62b3)
2026-08-07 23:49:49 [[34mdebug[39m]: Socket disconnected: VNiLixToVWAaFwW1AAAx (transport close)
2026-08-07 23:49:49 [[34mdebug[39m]: Socket disconnected: zAmmA_zRpa_cJwsAAAAz (transport close)
2026-08-07 23:49:49 [[34mdebug[39m]: Socket connected: Y_hprI08xAu3CLSlAAA1 (user 6a733a34268aa5f0135b62b3)
2026-08-07 23:49:49 [[34mdebug[39m]: Socket connected: B_eT4hZzoJ0LV91LAAA3 (user 6a733a34268aa5f0135b62b3)
2026-08-07 23:49:49 [[34mdebug[39m]: Socket disconnected: B_eT4hZzoJ0LV91LAAA3 (transport close)
2026-08-07 23:49:49 [[34mdebug[39m]: Socket disconnected: Y_hprI08xAu3CLSlAAA1 (transport error)
2026-08-07 23:49:50 [[34mdebug[39m]: Socket connected: mgrr-8Ayr_w8R1oaAAA5 (user 6a733a34268aa5f0135b62b3)
2026-08-07 23:49:50 [[34mdebug[39m]: Socket connected: qd3A4JRNybGP6K4kAAA7 (user 6a733a34268aa5f0135b62b3)
2026-08-07 23:49:50 [[34mdebug[39m]: Socket disconnected: qd3A4JRNybGP6K4kAAA7 (transport close)
2026-08-07 23:49:50 [[34mdebug[39m]: Socket disconnected: mgrr-8Ayr_w8R1oaAAA5 (transport error)
2026-08-07 23:49:50 [[34mdebug[39m]: Socket connected: 0mNU0jAJUUjVh9-zAAA9 (user 6a733a34268aa5f0135b62b3)
2026-08-07 23:49:50 [[34mdebug[39m]: Socket connected: zLQmB1oQcY2ZrcfEAAA_ (user 6a733a34268aa5f0135b62b3)
2026-08-07 23:49:50 [[34mdebug[39m]: Socket disconnected: 0mNU0jAJUUjVh9-zAAA9 (transport close)
2026-08-07 23:49:50 [[34mdebug[39m]: Socket disconnected: zLQmB1oQcY2ZrcfEAAA_ (transport close)
2026-08-07 23:49:50 [[34mdebug[39m]: Socket connected: V6-m5Dv7dni_YRMvAABB (user 6a733a34268aa5f0135b62b3)
2026-08-07 23:49:50 [[34mdebug[39m]: Socket connected: 82t9bQg3SofZP-3rAABD (user 6a733a34268aa5f0135b62b3)
2026-08-07 23:50:03 [[34mdebug[39m]: Socket disconnected: ph8w_aYpGy_SG_oOAAAB (ping timeout)
2026-08-07 23:50:06 [[34mdebug[39m]: Socket disconnected: zE23FtF3gHWDIqsGAAAD (ping timeout)
2026-08-07 23:53:53 [[32minfo[39m]: ✅ Google OAuth strategy registered
2026-08-07 23:53:53 [[32minfo[39m]: ✅ GitHub OAuth strategy registered
2026-08-07 23:53:53 [[32minfo[39m]: ✅ MongoDB connected
2026-08-07 23:53:53 [[33mwarn[39m]: ⚠️  Redis unavailable — running without it (single-instance mode)
2026-08-07 23:53:54 [[33mwarn[39m]: ⚠️  Socket.IO Redis adapter unavailable — using in-memory (single-instance only)
2026-08-07 23:53:54 [[32minfo[39m]: 🚀 Server running on http://localhost:4000
2026-08-07 23:53:54 [[34mdebug[39m]: Socket connected: Gvy3-sZy3rnx7mnTAAAB (user 6a733a34268aa5f0135b62b3)
2026-08-07 23:53:57 [[34mdebug[39m]: Socket connected: EhFCvo8kWfuiQYYsAAAD (user 6a733a34268aa5f0135b62b3)
2026-08-07 23:54:24 [[34mdebug[39m]: Socket disconnected: Gvy3-sZy3rnx7mnTAAAB (transport close)
2026-08-07 23:54:24 [[34mdebug[39m]: Socket disconnected: EhFCvo8kWfuiQYYsAAAD (transport close)
2026-08-07 23:55:03 [[32minfo[39m]: ✅ Google OAuth strategy registered
2026-08-07 23:55:03 [[32minfo[39m]: ✅ GitHub OAuth strategy registered
2026-08-07 23:55:03 [[32minfo[39m]: ✅ MongoDB connected
2026-08-07 23:55:03 [[33mwarn[39m]: ⚠️  Redis unavailable — running without it (single-instance mode)
2026-08-07 23:55:03 [[33mwarn[39m]: ⚠️  Socket.IO Redis adapter unavailable — using in-memory (single-instance only)
2026-08-07 23:55:03 [[32minfo[39m]: 🚀 Server running on http://localhost:4000
2026-08-07 23:55:26 [[34mdebug[39m]: Socket connected: vQRsSp072x9COuO0AAAC (user 6a733a34268aa5f0135b62b3)
2026-08-07 23:55:26 [[34mdebug[39m]: Socket connected: 3_-ciPHMNk-TTpuTAAAD (user 6a733a34268aa5f0135b62b3)
2026-08-07 23:55:30 [[34mdebug[39m]: Socket disconnected: vQRsSp072x9COuO0AAAC (transport close)
2026-08-07 23:55:30 [[34mdebug[39m]: Socket disconnected: 3_-ciPHMNk-TTpuTAAAD (transport close)
2026-08-07 23:55:30 [[34mdebug[39m]: Socket connected: fdnTVo2rT3Ju1QdXAAAF (user 6a733a34268aa5f0135b62b3)
2026-08-07 23:55:30 [[34mdebug[39m]: Socket connected: geJEzJmA_3IAOH9SAAAH (user 6a733a34268aa5f0135b62b3)
2026-08-07 23:55:30 [[34mdebug[39m]: Socket disconnected: geJEzJmA_3IAOH9SAAAH (transport close)
2026-08-07 23:55:30 [[34mdebug[39m]: Socket disconnected: fdnTVo2rT3Ju1QdXAAAF (transport error)
2026-08-07 23:55:30 [[34mdebug[39m]: Socket connected: WE7weBcXpHbXexpWAAAJ (user 6a733a34268aa5f0135b62b3)
2026-08-07 23:55:30 [[34mdebug[39m]: Socket connected: c3SjH3CFcbPcbYMBAAAL (user 6a733a34268aa5f0135b62b3)
2026-08-07 23:55:31 [[34mdebug[39m]: Socket disconnected: WE7weBcXpHbXexpWAAAJ (transport close)
2026-08-07 23:55:31 [[34mdebug[39m]: Socket disconnected: c3SjH3CFcbPcbYMBAAAL (transport close)
2026-08-07 23:55:31 [[34mdebug[39m]: Socket connected: iI2_eDoE1kwuACiiAAAN (user 6a733a34268aa5f0135b62b3)
2026-08-07 23:55:31 [[34mdebug[39m]: Socket connected: fjRlJyRkvOvKw_1RAAAP (user 6a733a34268aa5f0135b62b3)
2026-08-07 23:55:31 [[34mdebug[39m]: Socket disconnected: iI2_eDoE1kwuACiiAAAN (transport close)
2026-08-07 23:55:31 [[34mdebug[39m]: Socket disconnected: fjRlJyRkvOvKw_1RAAAP (transport close)
2026-08-07 23:55:31 [[34mdebug[39m]: Socket connected: wRLIboJnlEYUgK2xAAAR (user 6a733a34268aa5f0135b62b3)
2026-08-07 23:55:31 [[34mdebug[39m]: Socket connected: aLLSMC9muXeOrNaPAAAT (user 6a733a34268aa5f0135b62b3)
2026-08-07 23:55:31 [[34mdebug[39m]: Socket disconnected: wRLIboJnlEYUgK2xAAAR (transport close)
2026-08-07 23:55:31 [[34mdebug[39m]: Socket disconnected: aLLSMC9muXeOrNaPAAAT (transport error)
2026-08-07 23:55:31 [[34mdebug[39m]: Socket connected: jOlgqx0xoxBO0eDiAAAV (user 6a733a34268aa5f0135b62b3)
2026-08-07 23:55:31 [[34mdebug[39m]: Socket connected: TOUXnmvQH-i8-VZ8AAAX (user 6a733a34268aa5f0135b62b3)
2026-08-07 23:55:31 [[34mdebug[39m]: Socket disconnected: TOUXnmvQH-i8-VZ8AAAX (transport close)
2026-08-07 23:55:31 [[34mdebug[39m]: Socket disconnected: jOlgqx0xoxBO0eDiAAAV (transport error)
2026-08-07 23:55:31 [[34mdebug[39m]: Socket connected: _fqydfHvAut4weTCAAAZ (user 6a733a34268aa5f0135b62b3)
2026-08-07 23:55:31 [[34mdebug[39m]: Socket connected: sG8hNVLTSekrqHnlAAAb (user 6a733a34268aa5f0135b62b3)
2026-08-07 23:55:31 [[34mdebug[39m]: Socket disconnected: sG8hNVLTSekrqHnlAAAb (transport close)
2026-08-07 23:55:31 [[34mdebug[39m]: Socket disconnected: _fqydfHvAut4weTCAAAZ (transport error)
2026-08-07 23:55:32 [[34mdebug[39m]: Socket connected: FGzsXWN7SQc_2yxjAAAd (user 6a733a34268aa5f0135b62b3)
2026-08-07 23:55:32 [[34mdebug[39m]: Socket connected: -8p4RcSiTJCa5zO9AAAf (user 6a733a34268aa5f0135b62b3)
2026-08-07 23:55:32 [[34mdebug[39m]: Socket disconnected: FGzsXWN7SQc_2yxjAAAd (transport close)
2026-08-07 23:55:32 [[34mdebug[39m]: Socket disconnected: -8p4RcSiTJCa5zO9AAAf (transport close)
2026-08-07 23:55:32 [[34mdebug[39m]: Socket connected: VvduNdxIpp-t3FfoAAAh (user 6a733a34268aa5f0135b62b3)
2026-08-07 23:55:32 [[34mdebug[39m]: Socket connected: RwiLucxUDVeWQ8a7AAAj (user 6a733a34268aa5f0135b62b3)
2026-08-07 23:55:32 [[34mdebug[39m]: Socket disconnected: VvduNdxIpp-t3FfoAAAh (transport close)
2026-08-07 23:55:32 [[34mdebug[39m]: Socket disconnected: RwiLucxUDVeWQ8a7AAAj (transport close)
2026-08-07 23:55:32 [[34mdebug[39m]: Socket connected: 3Dy1taK94iVPZ_8LAAAl (user 6a733a34268aa5f0135b62b3)
2026-08-07 23:55:32 [[34mdebug[39m]: Socket connected: KmtKmUHLJcWmLpFYAAAn (user 6a733a34268aa5f0135b62b3)
2026-08-07 23:55:32 [[34mdebug[39m]: Socket disconnected: 3Dy1taK94iVPZ_8LAAAl (transport close)
2026-08-07 23:55:32 [[34mdebug[39m]: Socket disconnected: KmtKmUHLJcWmLpFYAAAn (transport close)
2026-08-07 23:55:32 [[34mdebug[39m]: Socket connected: xUYWROvyfvtiMLSXAAAp (user 6a733a34268aa5f0135b62b3)
2026-08-07 23:55:32 [[34mdebug[39m]: Socket connected: DYlavSuWiAXzAGIwAAAr (user 6a733a34268aa5f0135b62b3)
2026-08-07 23:55:32 [[34mdebug[39m]: Socket disconnected: xUYWROvyfvtiMLSXAAAp (transport close)
2026-08-07 23:55:32 [[34mdebug[39m]: Socket disconnected: DYlavSuWiAXzAGIwAAAr (transport close)
2026-08-07 23:55:32 [[34mdebug[39m]: Socket connected: PJLQV0fkmF1TALGeAAAt (user 6a733a34268aa5f0135b62b3)
2026-08-07 23:55:32 [[34mdebug[39m]: Socket connected: CmX9GG4ihEsGOntxAAAv (user 6a733a34268aa5f0135b62b3)
2026-08-07 23:55:32 [[34mdebug[39m]: Socket disconnected: PJLQV0fkmF1TALGeAAAt (transport close)
2026-08-07 23:55:32 [[34mdebug[39m]: Socket disconnected: CmX9GG4ihEsGOntxAAAv (transport close)
2026-08-07 23:55:33 [[34mdebug[39m]: Socket connected: uhhkjhbIQETuvYyLAAAy (user 6a733a34268aa5f0135b62b3)
2026-08-07 23:55:33 [[34mdebug[39m]: Socket connected: 0vzM3g5Ncp85QZ2KAAAz (user 6a733a34268aa5f0135b62b3)
2026-08-07 23:55:33 [[34mdebug[39m]: Socket disconnected: uhhkjhbIQETuvYyLAAAy (transport close)
2026-08-07 23:55:33 [[34mdebug[39m]: Socket disconnected: 0vzM3g5Ncp85QZ2KAAAz (transport close)
2026-08-07 23:55:33 [[34mdebug[39m]: Socket connected: JfZ5n72oADT1dlAMAAA1 (user 6a733a34268aa5f0135b62b3)
2026-08-07 23:55:33 [[34mdebug[39m]: Socket connected: L6asR3zXXRXZogM4AAA3 (user 6a733a34268aa5f0135b62b3)
2026-08-07 23:55:33 [[34mdebug[39m]: Socket disconnected: JfZ5n72oADT1dlAMAAA1 (transport close)
2026-08-07 23:55:33 [[34mdebug[39m]: Socket disconnected: L6asR3zXXRXZogM4AAA3 (transport close)
2026-08-07 23:55:34 [[34mdebug[39m]: Socket connected: l4vJ3-pDSbdlgszHAAA5 (user 6a733a34268aa5f0135b62b3)
2026-08-07 23:55:34 [[34mdebug[39m]: Socket connected: bBg257KPkO-TVDJZAAA7 (user 6a733a34268aa5f0135b62b3)
2026-08-07 23:55:34 [[34mdebug[39m]: Socket disconnected: l4vJ3-pDSbdlgszHAAA5 (transport close)
2026-08-07 23:55:34 [[34mdebug[39m]: Socket disconnected: bBg257KPkO-TVDJZAAA7 (transport close)
2026-08-07 23:55:34 [[34mdebug[39m]: Socket connected: tOc3ciUzj64OWU1UAAA9 (user 6a733a34268aa5f0135b62b3)
2026-08-07 23:55:34 [[34mdebug[39m]: Socket connected: d69HFd-lcQd4VPu8AAA_ (user 6a733a34268aa5f0135b62b3)
2026-08-07 23:55:34 [[34mdebug[39m]: Socket disconnected: tOc3ciUzj64OWU1UAAA9 (transport close)
2026-08-07 23:55:34 [[34mdebug[39m]: Socket disconnected: d69HFd-lcQd4VPu8AAA_ (transport close)
2026-08-07 23:55:35 [[34mdebug[39m]: Socket connected: B48ipa_F3P0ZvvkeAABB (user 6a733a34268aa5f0135b62b3)
2026-08-07 23:55:35 [[34mdebug[39m]: Socket connected: Z5tqAXWVd1oYZ09WAABD (user 6a733a34268aa5f0135b62b3)
2026-08-07 23:55:36 [[34mdebug[39m]: Socket disconnected: B48ipa_F3P0ZvvkeAABB (transport close)
2026-08-07 23:55:37 [[34mdebug[39m]: Socket disconnected: Z5tqAXWVd1oYZ09WAABD (transport close)
2026-08-07 23:55:37 [[34mdebug[39m]: Socket connected: Du3H-NNFxnkWGF9eAABF (user 6a733a34268aa5f0135b62b3)
2026-08-07 23:55:37 [[34mdebug[39m]: Socket connected: GPW8nhfI9VPmvS4zAABH (user 6a733a34268aa5f0135b62b3)
2026-08-07 23:55:37 [[34mdebug[39m]: Socket disconnected: GPW8nhfI9VPmvS4zAABH (transport close)
2026-08-07 23:55:37 [[34mdebug[39m]: Socket disconnected: Du3H-NNFxnkWGF9eAABF (transport error)
2026-08-07 23:55:37 [[34mdebug[39m]: Socket connected: 8cE-T3tAu7h4-F70AABJ (user 6a733a34268aa5f0135b62b3)
2026-08-07 23:55:37 [[34mdebug[39m]: Socket connected: 0sTgb4sOMtdkZy_nAABL (user 6a733a34268aa5f0135b62b3)
2026-08-07 23:55:38 [[34mdebug[39m]: Socket disconnected: 0sTgb4sOMtdkZy_nAABL (transport close)
2026-08-07 23:55:38 [[34mdebug[39m]: Socket disconnected: 8cE-T3tAu7h4-F70AABJ (transport error)
2026-08-07 23:55:38 [[34mdebug[39m]: Socket connected: BB4FRprANjFVWNG_AABN (user 6a733a34268aa5f0135b62b3)
2026-08-07 23:55:38 [[34mdebug[39m]: Socket connected: UlKHlC2HshpKGAWrAABP (user 6a733a34268aa5f0135b62b3)
2026-08-07 23:55:38 [[34mdebug[39m]: Socket disconnected: BB4FRprANjFVWNG_AABN (transport close)
2026-08-07 23:55:38 [[34mdebug[39m]: Socket disconnected: UlKHlC2HshpKGAWrAABP (transport close)
2026-08-07 23:55:38 [[34mdebug[39m]: Socket connected: G0wk7f0Ion8feyuVAABR (user 6a733a34268aa5f0135b62b3)
2026-08-07 23:55:38 [[34mdebug[39m]: Socket connected: zX_2Ffc9XszUqmyLAABT (user 6a733a34268aa5f0135b62b3)
2026-08-07 23:58:53 [[34mdebug[39m]: Socket disconnected: G0wk7f0Ion8feyuVAABR (ping timeout)
2026-08-07 23:58:53 [[34mdebug[39m]: Socket disconnected: zX_2Ffc9XszUqmyLAABT (ping timeout)
2026-08-08 00:02:01 [[32minfo[39m]: ✅ Google OAuth strategy registered
2026-08-08 00:02:01 [[32minfo[39m]: ✅ GitHub OAuth strategy registered
2026-08-08 00:02:02 [[32minfo[39m]: ✅ MongoDB connected
2026-08-08 00:02:02 [[33mwarn[39m]: ⚠️  Redis unavailable — running without it (single-instance mode)
2026-08-08 00:02:02 [[33mwarn[39m]: ⚠️  Socket.IO Redis adapter unavailable — using in-memory (single-instance only)
2026-08-08 00:02:02 [[32minfo[39m]: 🚀 Server running on http://localhost:4000
2026-08-08 00:02:22 [[34mdebug[39m]: Socket connected: Y53YVYwyhujyFjy_AAAB (user 6a733a34268aa5f0135b62b3)
2026-08-08 00:02:22 [[34mdebug[39m]: User 6a733a34268aa5f0135b62b3 joined room 6a74cf574382012b9a65c62b
2026-08-08 00:03:31 [[34mdebug[39m]: Socket disconnected: Y53YVYwyhujyFjy_AAAB (transport close)
2026-08-08 00:03:55 [[34mdebug[39m]: Socket connected: 7pmXNn9pX-UUBhWwAAAD (user 6a733a34268aa5f0135b62b3)
2026-08-08 00:03:55 [[34mdebug[39m]: User 6a733a34268aa5f0135b62b3 joined room 6a75e8f0072d3d4cbb042b5a
2026-08-08 00:05:35 [[34mdebug[39m]: User 6a733a34268aa5f0135b62b3 joined room 6a75e8f0072d3d4cbb042b5a
2026-08-08 00:05:35 [[34mdebug[39m]: User 6a733a34268aa5f0135b62b3 joined room 6a75e8f0072d3d4cbb042b5a
2026-08-08 00:05:52 [[34mdebug[39m]: User 6a733a34268aa5f0135b62b3 joined room 6a75e8f0072d3d4cbb042b5a
2026-08-08 00:13:47 [[32minfo[39m]: ✅ Google OAuth strategy registered
2026-08-08 00:13:47 [[32minfo[39m]: ✅ GitHub OAuth strategy registered
2026-08-08 00:13:48 [[32minfo[39m]: ✅ MongoDB connected
2026-08-08 00:13:48 [[33mwarn[39m]: ⚠️  Redis unavailable — running without it (single-instance mode)
2026-08-08 00:13:48 [[33mwarn[39m]: ⚠️  Socket.IO Redis adapter unavailable — using in-memory (single-instance only)
2026-08-08 00:13:48 [[32minfo[39m]: 🚀 Server running on http://localhost:4000
2026-08-08 00:13:52 [[34mdebug[39m]: Socket connected: q8Y6UvwMa--d9eMpAAAB (user 6a733a34268aa5f0135b62b3)
2026-08-08 00:14:24 [[34mdebug[39m]: Socket connected: FrwtpAGwgiGTGOlyAAAD (user 6a733a34268aa5f0135b62b3)
2026-08-08 00:14:24 [[34mdebug[39m]: User 6a733a34268aa5f0135b62b3 joined room 6a733a96268aa5f0135b62bc
2026-08-08 00:15:34 [[34mdebug[39m]: Socket disconnected: FrwtpAGwgiGTGOlyAAAD (ping timeout)
2026-08-08 00:20:21 [[32minfo[39m]: ✅ Google OAuth strategy registered
2026-08-08 00:20:21 [[32minfo[39m]: ✅ GitHub OAuth strategy registered
2026-08-08 00:20:22 [[32minfo[39m]: ✅ MongoDB connected
2026-08-08 00:20:22 [[33mwarn[39m]: ⚠️  Redis unavailable — running without it (single-instance mode)
2026-08-08 00:20:22 [[33mwarn[39m]: ⚠️  Socket.IO Redis adapter unavailable — using in-memory (single-instance only)
2026-08-08 00:20:22 [[32minfo[39m]: 🚀 Server running on http://localhost:4000
2026-08-08 00:21:08 [[34mdebug[39m]: Socket connected: BShFucJAEZg5Z3OXAAAD (user 6a733a34268aa5f0135b62b3)
2026-08-08 00:21:08 [[34mdebug[39m]: User 6a733a34268aa5f0135b62b3 joined room 6a733a96268aa5f0135b62bc
2026-08-08 00:21:12 [[34mdebug[39m]: Socket disconnected: BShFucJAEZg5Z3OXAAAD (transport close)
2026-08-08 00:21:12 [[34mdebug[39m]: Socket connected: -Xv50oTIOU9s-lhRAAAF (user 6a733a34268aa5f0135b62b3)
2026-08-08 00:21:12 [[34mdebug[39m]: User 6a733a34268aa5f0135b62b3 joined room 6a733a96268aa5f0135b62bc
2026-08-08 00:21:16 [[34mdebug[39m]: Socket connected: tGVX-GdnfzUaT0KdAAAH (user 6a733a34268aa5f0135b62b3)
2026-08-08 00:21:16 [[34mdebug[39m]: User 6a733a34268aa5f0135b62b3 joined room 6a75e8f0072d3d4cbb042b5a
2026-08-08 00:21:57 [[34mdebug[39m]: Socket disconnected: -Xv50oTIOU9s-lhRAAAF (ping timeout)
2026-08-08 00:22:01 [[34mdebug[39m]: Socket disconnected: tGVX-GdnfzUaT0KdAAAH (ping timeout)
2026-08-08 00:29:48 [[32minfo[39m]: ✅ Google OAuth strategy registered
2026-08-08 00:29:48 [[32minfo[39m]: ✅ GitHub OAuth strategy registered
2026-08-08 00:29:48 [[32minfo[39m]: ✅ MongoDB connected
2026-08-08 00:29:48 [[33mwarn[39m]: ⚠️  Redis unavailable — running without it (single-instance mode)
2026-08-08 00:29:48 [[33mwarn[39m]: ⚠️  Socket.IO Redis adapter unavailable — using in-memory (single-instance only)
2026-08-08 00:29:48 [[32minfo[39m]: 🚀 Server running on http://localhost:4000
2026-08-08 00:36:13 [[32minfo[39m]: ✅ Google OAuth strategy registered
2026-08-08 00:36:13 [[32minfo[39m]: ✅ GitHub OAuth strategy registered
2026-08-08 00:36:14 [[32minfo[39m]: ✅ MongoDB connected
2026-08-08 00:36:14 [[33mwarn[39m]: ⚠️  Redis unavailable — running without it (single-instance mode)
2026-08-08 00:36:14 [[33mwarn[39m]: ⚠️  Socket.IO Redis adapter unavailable — using in-memory (single-instance only)
2026-08-08 00:36:14 [[32minfo[39m]: 🚀 Server running on http://localhost:4000
2026-08-08 00:36:39 [[34mdebug[39m]: Socket connected: 6j53IliblgWj3dHhAAAB (user 6a733a34268aa5f0135b62b3)
2026-08-08 00:36:39 [[34mdebug[39m]: User 6a733a34268aa5f0135b62b3 joined room 6a733a96268aa5f0135b62bc
2026-08-08 00:42:50 [[34mdebug[39m]: User 6a733a34268aa5f0135b62b3 joined room 6a733a96268aa5f0135b62bc
2026-08-08 00:42:50 [[34mdebug[39m]: User 6a733a34268aa5f0135b62b3 joined room 6a733a96268aa5f0135b62bc
2026-08-08 00:45:09 [[32minfo[39m]: ✅ Google OAuth strategy registered
2026-08-08 00:45:09 [[32minfo[39m]: ✅ GitHub OAuth strategy registered
2026-08-08 00:45:10 [[32minfo[39m]: ✅ MongoDB connected
2026-08-08 00:45:10 [[33mwarn[39m]: ⚠️  Redis unavailable — running without it (single-instance mode)
2026-08-08 00:45:10 [[33mwarn[39m]: ⚠️  Socket.IO Redis adapter unavailable — using in-memory (single-instance only)
2026-08-08 00:45:10 [[32minfo[39m]: 🚀 Server running on http://localhost:4000
2026-08-08 00:45:10 [[34mdebug[39m]: Socket connected: qon2I3YVm2O1nYslAAAB (user 6a733a34268aa5f0135b62b3)
2026-08-08 00:45:15 [[34mdebug[39m]: Socket disconnected: qon2I3YVm2O1nYslAAAB (transport close)
2026-08-08 00:45:15 [[34mdebug[39m]: Socket connected: VNdUnunxRdleTadMAAAD (user 6a733a34268aa5f0135b62b3)
2026-08-08 00:45:15 [[34mdebug[39m]: User 6a733a34268aa5f0135b62b3 joined room 6a733a96268aa5f0135b62bc
2026-08-08 00:45:20 [[34mdebug[39m]: Socket disconnected: VNdUnunxRdleTadMAAAD (transport close)
2026-08-08 00:45:20 [[34mdebug[39m]: Socket connected: d1MBiugSDJeAKk1WAAAF (user 6a733a34268aa5f0135b62b3)
2026-08-08 00:45:20 [[34mdebug[39m]: User 6a733a34268aa5f0135b62b3 joined room 6a733a96268aa5f0135b62bc
2026-08-08 00:45:32 [[34mdebug[39m]: Socket connected: exHbV6diBWYr7ZmCAAAH (user 6a733a34268aa5f0135b62b3)
2026-08-08 00:45:32 [[34mdebug[39m]: User 6a733a34268aa5f0135b62b3 joined room 6a75e8f0072d3d4cbb042b5a
2026-08-08 00:50:36 [[34mdebug[39m]: User 6a733a34268aa5f0135b62b3 joined room 6a75e8f0072d3d4cbb042b5a
2026-08-08 00:50:36 [[34mdebug[39m]: User 6a733a34268aa5f0135b62b3 joined room 6a75e8f0072d3d4cbb042b5a
2026-08-08 00:50:37 [[34mdebug[39m]: User 6a733a34268aa5f0135b62b3 joined room 6a733a96268aa5f0135b62bc
2026-08-08 00:50:37 [[34mdebug[39m]: User 6a733a34268aa5f0135b62b3 joined room 6a733a96268aa5f0135b62bc
2026-08-08 00:53:07 [[34mdebug[39m]: User 6a733a34268aa5f0135b62b3 joined room 6a75e8f0072d3d4cbb042b5a
2026-08-08 00:53:08 [[34mdebug[39m]: User 6a733a34268aa5f0135b62b3 joined room 6a733a96268aa5f0135b62bc
2026-08-08 00:57:10 [[34mdebug[39m]: Socket connected: gyXY5rWPHCoou7qwAAAJ (user 6a733a34268aa5f0135b62b3)
2026-08-08 00:57:10 [[34mdebug[39m]: User 6a733a34268aa5f0135b62b3 joined room 6a75e8f0072d3d4cbb042b5a
2026-08-08 00:57:10 [[34mdebug[39m]: User 6a733a34268aa5f0135b62b3 joined room 6a75e8f0072d3d4cbb042b5a
2026-08-08 00:57:10 [[34mdebug[39m]: Socket connected: wtQHVQNuozyRyGfmAAAL (user 6a733a34268aa5f0135b62b3)
2026-08-08 00:57:10 [[34mdebug[39m]: User 6a733a34268aa5f0135b62b3 joined room 6a733a96268aa5f0135b62bc
2026-08-08 00:57:11 [[34mdebug[39m]: User 6a733a34268aa5f0135b62b3 joined room 6a733a96268aa5f0135b62bc
2026-08-08 01:02:06 [[34mdebug[39m]: User 6a733a34268aa5f0135b62b3 joined room 6a75e8f0072d3d4cbb042b5a
2026-08-08 01:05:22 [[34mdebug[39m]: User 6a733a34268aa5f0135b62b3 joined room 6a733a96268aa5f0135b62bc
2026-08-08 01:14:33 [[34mdebug[39m]: User 6a733a34268aa5f0135b62b3 joined room 6a733a96268aa5f0135b62bc
2026-08-08 01:15:14 [[34mdebug[39m]: User 6a733a34268aa5f0135b62b3 joined room 6a733a96268aa5f0135b62bc
2026-08-08 01:15:47 [[34mdebug[39m]: User 6a733a34268aa5f0135b62b3 joined room 6a733a96268aa5f0135b62bc
2026-08-08 01:19:00 [[34mdebug[39m]: User 6a733a34268aa5f0135b62b3 joined room 6a75e8f0072d3d4cbb042b5a
2026-08-08 01:19:01 [[34mdebug[39m]: User 6a733a34268aa5f0135b62b3 joined room 6a733a96268aa5f0135b62bc
2026-08-08 01:19:01 [[34mdebug[39m]: User 6a733a34268aa5f0135b62b3 joined room 6a75e8f0072d3d4cbb042b5a
2026-08-08 01:19:01 [[34mdebug[39m]: User 6a733a34268aa5f0135b62b3 joined room 6a733a96268aa5f0135b62bc
2026-08-08 01:40:20 [[32minfo[39m]: ✅ Google OAuth strategy registered
2026-08-08 01:40:20 [[32minfo[39m]: ✅ GitHub OAuth strategy registered
2026-08-08 01:40:21 [[32minfo[39m]: ✅ MongoDB connected
2026-08-08 01:40:21 [[33mwarn[39m]: ⚠️  Redis unavailable — running without it (single-instance mode)
2026-08-08 01:40:21 [[33mwarn[39m]: ⚠️  Socket.IO Redis adapter unavailable — using in-memory (single-instance only)
2026-08-08 01:40:21 [[32minfo[39m]: 🚀 Server running on http://localhost:4000
2026-08-08 01:41:04 [[34mdebug[39m]: Socket connected: zwftLOBcZkom2E7DAAAJ (user 6a733a34268aa5f0135b62b3)
2026-08-08 01:41:04 [[34mdebug[39m]: User 6a733a34268aa5f0135b62b3 joined room 6a75e8f0072d3d4cbb042b5a
2026-08-08 01:42:15 [[34mdebug[39m]: User 6a733a34268aa5f0135b62b3 joined room 6a75e8f0072d3d4cbb042b5a
2026-08-08 01:42:26 [[34mdebug[39m]: User 6a733a34268aa5f0135b62b3 joined room 6a733a96268aa5f0135b62bc
2026-08-08 01:43:50 [[34mdebug[39m]: Socket connected: fd_OKX0_jmqZz3lVAAAL (user 6a733a34268aa5f0135b62b3)
2026-08-08 01:43:50 [[34mdebug[39m]: User 6a733a34268aa5f0135b62b3 joined room 6a733a96268aa5f0135b62bc
2026-08-08 01:43:54 [[34mdebug[39m]: Socket connected: 4wZ3FqAmxz6y7uIeAAAN (user 6a733a34268aa5f0135b62b3)
2026-08-08 01:43:54 [[34mdebug[39m]: User 6a733a34268aa5f0135b62b3 joined room 6a75e8f0072d3d4cbb042b5a
2026-08-08 01:44:46 [[34mdebug[39m]: User 6a733a34268aa5f0135b62b3 joined room 6a75e8f0072d3d4cbb042b5a
2026-08-08 01:46:14 [[34mdebug[39m]: User 6a733a34268aa5f0135b62b3 joined room 6a75e8f0072d3d4cbb042b5a
2026-08-08 01:46:17 [[34mdebug[39m]: Socket disconnected: zwftLOBcZkom2E7DAAAJ (transport close)
2026-08-08 01:46:17 [[34mdebug[39m]: Socket disconnected: fd_OKX0_jmqZz3lVAAAL (transport close)
2026-08-08 01:46:17 [[34mdebug[39m]: Socket disconnected: 4wZ3FqAmxz6y7uIeAAAN (transport close)
2026-08-08 11:58:47 [[32minfo[39m]: ✅ Google OAuth strategy registered
2026-08-08 11:58:47 [[32minfo[39m]: ✅ GitHub OAuth strategy registered
2026-08-08 11:58:50 [[32minfo[39m]: ✅ MongoDB connected
2026-08-08 11:58:50 [[33mwarn[39m]: ⚠️  Redis unavailable — running without it (single-instance mode)
2026-08-08 11:58:50 [[33mwarn[39m]: ⚠️  Socket.IO Redis adapter unavailable — using in-memory (single-instance only)
2026-08-08 11:58:50 [[32minfo[39m]: 🚀 Server running on http://localhost:4000
2026-08-08 12:01:27 [[34mdebug[39m]: Socket connected: W3XobTDWwBTcETCjAAAB (user 6a733a34268aa5f0135b62b3)
2026-08-08 12:01:27 [[34mdebug[39m]: User 6a733a34268aa5f0135b62b3 joined room 6a75e8f0072d3d4cbb042b5a
2026-08-08 12:04:11 [[34mdebug[39m]: Socket disconnected: W3XobTDWwBTcETCjAAAB (transport close)
2026-08-08 15:56:11 [[32minfo[39m]: ✅ Google OAuth strategy registered
2026-08-08 15:56:11 [[32minfo[39m]: ✅ GitHub OAuth strategy registered
2026-08-08 15:56:13 [[32minfo[39m]: ✅ MongoDB connected
2026-08-08 15:56:13 [[33mwarn[39m]: ⚠️  Redis unavailable — running without it (single-instance mode)
2026-08-08 15:56:13 [[33mwarn[39m]: ⚠️  Socket.IO Redis adapter unavailable — using in-memory (single-instance only)
2026-08-08 15:56:13 [[32minfo[39m]: 🚀 Server running on http://localhost:4000
2026-08-08 16:12:16 [[32minfo[39m]: ✅ Google OAuth strategy registered
2026-08-08 16:12:16 [[32minfo[39m]: ✅ GitHub OAuth strategy registered
2026-08-08 16:12:17 [[32minfo[39m]: ✅ MongoDB connected
2026-08-08 16:12:17 [[33mwarn[39m]: ⚠️  Redis unavailable — running without it (single-instance mode)
2026-08-08 16:12:17 [[33mwarn[39m]: ⚠️  Socket.IO Redis adapter unavailable — using in-memory (single-instance only)
2026-08-08 16:12:17 [[32minfo[39m]: 🚀 Server running on http://localhost:4000
2026-08-08 16:12:48 [[34mdebug[39m]: Socket connected: Nugfj5YZkKrANO0hAAAB (user 6a733a34268aa5f0135b62b3)
2026-08-08 16:12:48 [[34mdebug[39m]: User 6a733a34268aa5f0135b62b3 joined room 6a733a96268aa5f0135b62bc
2026-08-08 16:13:01 [[34mdebug[39m]: Socket disconnected: Nugfj5YZkKrANO0hAAAB (transport close)
2026-08-08 16:13:01 [[34mdebug[39m]: Socket connected: MxJZqvu8uLPvCy3JAAAD (user 6a733a34268aa5f0135b62b3)
2026-08-08 16:13:01 [[34mdebug[39m]: User 6a733a34268aa5f0135b62b3 joined room 6a733a96268aa5f0135b62bc
2026-08-08 16:17:16 [[34mdebug[39m]: User 6a733a34268aa5f0135b62b3 joined room 6a733a96268aa5f0135b62bc
2026-08-08 18:15:56 [[32minfo[39m]: ✅ Google OAuth strategy registered
2026-08-08 18:15:56 [[32minfo[39m]: ✅ GitHub OAuth strategy registered
2026-08-08 18:15:58 [[32minfo[39m]: ✅ MongoDB connected
2026-08-08 18:15:58 [[33mwarn[39m]: ⚠️  Redis unavailable — running without it (single-instance mode)
2026-08-08 18:15:58 [[33mwarn[39m]: ⚠️  Socket.IO Redis adapter unavailable — using in-memory (single-instance only)
2026-08-08 18:15:58 [[32minfo[39m]: 🚀 Server running on http://localhost:4000
2026-08-08 18:46:48 [[32minfo[39m]: ✅ Google OAuth strategy registered
2026-08-08 18:46:48 [[32minfo[39m]: ✅ GitHub OAuth strategy registered
2026-08-08 18:46:49 [[32minfo[39m]: ✅ MongoDB connected
2026-08-08 18:46:49 [[33mwarn[39m]: ⚠️  Redis unavailable — running without it (single-instance mode)
2026-08-08 18:46:49 [[33mwarn[39m]: ⚠️  Socket.IO Redis adapter unavailable — using in-memory (single-instance only)
2026-08-08 18:46:49 [[32minfo[39m]: 🚀 Server running on http://localhost:4000
2026-08-08 18:47:06 [[32minfo[39m]: ✅ Google OAuth strategy registered
2026-08-08 18:47:06 [[32minfo[39m]: ✅ GitHub OAuth strategy registered
2026-08-08 18:47:07 [[32minfo[39m]: ✅ MongoDB connected
2026-08-08 18:47:07 [[33mwarn[39m]: ⚠️  Redis unavailable — running without it (single-instance mode)
2026-08-08 18:47:07 [[33mwarn[39m]: ⚠️  Socket.IO Redis adapter unavailable — using in-memory (single-instance only)
2026-08-08 19:53:49 [[32minfo[39m]: ✅ Google OAuth strategy registered
2026-08-08 19:53:49 [[32minfo[39m]: ✅ GitHub OAuth strategy registered
2026-08-08 19:53:52 [[32minfo[39m]: ✅ MongoDB connected
2026-08-08 19:53:52 [[33mwarn[39m]: ⚠️  Redis unavailable — running without it (single-instance mode)
2026-08-08 19:53:52 [[33mwarn[39m]: ⚠️  Socket.IO Redis adapter unavailable — using in-memory (single-instance only)
